Component: ARM Compiler 5.05 update 2 (build 169) Tool: armlink [4d0f33]

==============================================================================

Section Cross References

    stm32f10x_adc.o(i.ADC_DeInit) refers to stm32f10x_rcc.o(i.RCC_APB2PeriphResetCmd) for RCC_APB2PeriphResetCmd
    stm32f10x_bkp.o(i.BKP_DeInit) refers to stm32f10x_rcc.o(i.RCC_BackupResetCmd) for RCC_BackupResetCmd
    stm32f10x_can.o(i.CAN_DeInit) refers to stm32f10x_rcc.o(i.RCC_APB1PeriphResetCmd) for RCC_APB1PeriphResetCmd
    stm32f10x_can.o(i.CAN_GetITStatus) refers to stm32f10x_can.o(i.CheckITStatus) for CheckITStatus
    stm32f10x_cec.o(i.CEC_DeInit) refers to stm32f10x_rcc.o(i.RCC_APB1PeriphResetCmd) for RCC_APB1PeriphResetCmd
    stm32f10x_dac.o(i.DAC_DeInit) refers to stm32f10x_rcc.o(i.RCC_APB1PeriphResetCmd) for RCC_APB1PeriphResetCmd
    stm32f10x_flash.o(i.FLASH_EnableWriteProtection) refers to stm32f10x_flash.o(i.FLASH_WaitForLastOperation) for FLASH_WaitForLastOperation
    stm32f10x_flash.o(i.FLASH_EraseAllBank1Pages) refers to stm32f10x_flash.o(i.FLASH_WaitForLastBank1Operation) for FLASH_WaitForLastBank1Operation
    stm32f10x_flash.o(i.FLASH_EraseAllPages) refers to stm32f10x_flash.o(i.FLASH_WaitForLastOperation) for FLASH_WaitForLastOperation
    stm32f10x_flash.o(i.FLASH_EraseOptionBytes) refers to stm32f10x_flash.o(i.FLASH_GetReadOutProtectionStatus) for FLASH_GetReadOutProtectionStatus
    stm32f10x_flash.o(i.FLASH_EraseOptionBytes) refers to stm32f10x_flash.o(i.FLASH_WaitForLastOperation) for FLASH_WaitForLastOperation
    stm32f10x_flash.o(i.FLASH_ErasePage) refers to stm32f10x_flash.o(i.FLASH_WaitForLastOperation) for FLASH_WaitForLastOperation
    stm32f10x_flash.o(i.FLASH_ProgramHalfWord) refers to stm32f10x_flash.o(i.FLASH_WaitForLastOperation) for FLASH_WaitForLastOperation
    stm32f10x_flash.o(i.FLASH_ProgramOptionByteData) refers to stm32f10x_flash.o(i.FLASH_WaitForLastOperation) for FLASH_WaitForLastOperation
    stm32f10x_flash.o(i.FLASH_ProgramWord) refers to stm32f10x_flash.o(i.FLASH_WaitForLastOperation) for FLASH_WaitForLastOperation
    stm32f10x_flash.o(i.FLASH_ReadOutProtection) refers to stm32f10x_flash.o(i.FLASH_WaitForLastOperation) for FLASH_WaitForLastOperation
    stm32f10x_flash.o(i.FLASH_UserOptionByteConfig) refers to stm32f10x_flash.o(i.FLASH_WaitForLastOperation) for FLASH_WaitForLastOperation
    stm32f10x_flash.o(i.FLASH_WaitForLastBank1Operation) refers to stm32f10x_flash.o(i.FLASH_GetBank1Status) for FLASH_GetBank1Status
    stm32f10x_flash.o(i.FLASH_WaitForLastOperation) refers to stm32f10x_flash.o(i.FLASH_GetBank1Status) for FLASH_GetBank1Status
    stm32f10x_gpio.o(i.GPIO_AFIODeInit) refers to stm32f10x_rcc.o(i.RCC_APB2PeriphResetCmd) for RCC_APB2PeriphResetCmd
    stm32f10x_gpio.o(i.GPIO_DeInit) refers to stm32f10x_rcc.o(i.RCC_APB2PeriphResetCmd) for RCC_APB2PeriphResetCmd
    stm32f10x_i2c.o(i.I2C_DeInit) refers to stm32f10x_rcc.o(i.RCC_APB1PeriphResetCmd) for RCC_APB1PeriphResetCmd
    stm32f10x_i2c.o(i.I2C_Init) refers to stm32f10x_rcc.o(i.RCC_GetClocksFreq) for RCC_GetClocksFreq
    stm32f10x_pwr.o(i.PWR_DeInit) refers to stm32f10x_rcc.o(i.RCC_APB1PeriphResetCmd) for RCC_APB1PeriphResetCmd
    stm32f10x_rcc.o(i.RCC_GetClocksFreq) refers to stm32f10x_rcc.o(.data) for APBAHBPrescTable
    stm32f10x_rcc.o(i.RCC_WaitForHSEStartUp) refers to stm32f10x_rcc.o(i.RCC_GetFlagStatus) for RCC_GetFlagStatus
    stm32f10x_rtc.o(i.RTC_SetAlarm) refers to stm32f10x_rtc.o(i.RTC_EnterConfigMode) for RTC_EnterConfigMode
    stm32f10x_rtc.o(i.RTC_SetAlarm) refers to stm32f10x_rtc.o(i.RTC_ExitConfigMode) for RTC_ExitConfigMode
    stm32f10x_rtc.o(i.RTC_SetCounter) refers to stm32f10x_rtc.o(i.RTC_EnterConfigMode) for RTC_EnterConfigMode
    stm32f10x_rtc.o(i.RTC_SetCounter) refers to stm32f10x_rtc.o(i.RTC_ExitConfigMode) for RTC_ExitConfigMode
    stm32f10x_rtc.o(i.RTC_SetPrescaler) refers to stm32f10x_rtc.o(i.RTC_EnterConfigMode) for RTC_EnterConfigMode
    stm32f10x_rtc.o(i.RTC_SetPrescaler) refers to stm32f10x_rtc.o(i.RTC_ExitConfigMode) for RTC_ExitConfigMode
    stm32f10x_spi.o(i.I2S_Init) refers to stm32f10x_rcc.o(i.RCC_GetClocksFreq) for RCC_GetClocksFreq
    stm32f10x_spi.o(i.SPI_I2S_DeInit) refers to stm32f10x_rcc.o(i.RCC_APB2PeriphResetCmd) for RCC_APB2PeriphResetCmd
    stm32f10x_spi.o(i.SPI_I2S_DeInit) refers to stm32f10x_rcc.o(i.RCC_APB1PeriphResetCmd) for RCC_APB1PeriphResetCmd
    stm32f10x_tim.o(i.TIM_DeInit) refers to stm32f10x_rcc.o(i.RCC_APB2PeriphResetCmd) for RCC_APB2PeriphResetCmd
    stm32f10x_tim.o(i.TIM_DeInit) refers to stm32f10x_rcc.o(i.RCC_APB1PeriphResetCmd) for RCC_APB1PeriphResetCmd
    stm32f10x_tim.o(i.TIM_ETRClockMode1Config) refers to stm32f10x_tim.o(i.TIM_ETRConfig) for TIM_ETRConfig
    stm32f10x_tim.o(i.TIM_ETRClockMode2Config) refers to stm32f10x_tim.o(i.TIM_ETRConfig) for TIM_ETRConfig
    stm32f10x_tim.o(i.TIM_ICInit) refers to stm32f10x_tim.o(i.TI1_Config) for TI1_Config
[...]
    Removing stm32f10x_sdio.o(i.SDIO_Init), (48 bytes).
    Removing stm32f10x_sdio.o(i.SDIO_ReadData), (12 bytes).
    Removing stm32f10x_sdio.o(i.SDIO_SendCEATACmd), (12 bytes).
    Removing stm32f10x_sdio.o(i.SDIO_SendCommand), (44 bytes).
    Removing stm32f10x_sdio.o(i.SDIO_SendSDIOSuspendCmd), (12 bytes).
    Removing stm32f10x_sdio.o(i.SDIO_SetPowerState), (28 bytes).
    Removing stm32f10x_sdio.o(i.SDIO_SetSDIOOperation), (12 bytes).
    Removing stm32f10x_sdio.o(i.SDIO_SetSDIOReadWaitMode), (12 bytes).
    Removing stm32f10x_sdio.o(i.SDIO_StartSDIOReadWait), (12 bytes).
    Removing stm32f10x_sdio.o(i.SDIO_StopSDIOReadWait), (12 bytes).
    Removing stm32f10x_sdio.o(i.SDIO_StructInit), (16 bytes).
    Removing stm32f10x_sdio.o(i.SDIO_WriteData), (12 bytes).
    Removing stm32f10x_spi.o(i.I2S_Cmd), (24 bytes).
    Removing stm32f10x_spi.o(i.I2S_Init), (232 bytes).
    Removing stm32f10x_spi.o(i.I2S_StructInit), (20 bytes).
    Removing stm32f10x_spi.o(i.SPI_BiDirectionalLineConfig), (28 bytes).
    Removing stm32f10x_spi.o(i.SPI_CalculateCRC), (24 bytes).
    Removing stm32f10x_spi.o(i.SPI_Cmd), (24 bytes).
    Removing stm32f10x_spi.o(i.SPI_DataSizeConfig), (18 bytes).
    Removing stm32f10x_spi.o(i.SPI_GetCRC), (16 bytes).
    Removing stm32f10x_spi.o(i.SPI_GetCRCPolynomial), (6 bytes).
    Removing stm32f10x_spi.o(i.SPI_I2S_ClearFlag), (6 bytes).
    Removing stm32f10x_spi.o(i.SPI_I2S_ClearITPendingBit), (20 bytes).
    Removing stm32f10x_spi.o(i.SPI_I2S_DMACmd), (18 bytes).
    Removing stm32f10x_spi.o(i.SPI_I2S_DeInit), (88 bytes).
    Removing stm32f10x_spi.o(i.SPI_I2S_GetFlagStatus), (18 bytes).
    Removing stm32f10x_spi.o(i.SPI_I2S_GetITStatus), (52 bytes).
    Removing stm32f10x_spi.o(i.SPI_I2S_ITConfig), (32 bytes).
    Removing stm32f10x_spi.o(i.SPI_I2S_ReceiveData), (6 bytes).
    Removing stm32f10x_spi.o(i.SPI_I2S_SendData), (4 bytes).
    Removing stm32f10x_spi.o(i.SPI_Init), (60 bytes).
    Removing stm32f10x_spi.o(i.SPI_NSSInternalSoftwareConfig), (30 bytes).
    Removing stm32f10x_spi.o(i.SPI_SSOutputCmd), (24 bytes).
    Removing stm32f10x_spi.o(i.SPI_StructInit), (24 bytes).
    Removing stm32f10x_spi.o(i.SPI_TransmitCRC), (10 bytes).
    Removing stm32f10x_tim.o(i.TI1_Config), (128 bytes).
    Removing stm32f10x_tim.o(i.TI2_Config), (152 bytes).
    Removing stm32f10x_tim.o(i.TI3_Config), (144 bytes).
    Removing stm32f10x_tim.o(i.TI4_Config), (152 bytes).
    Removing stm32f10x_tim.o(i.TIM_ARRPreloadConfig), (24 bytes).
    Removing stm32f10x_tim.o(i.TIM_BDTRConfig), (32 bytes).
    Removing stm32f10x_tim.o(i.TIM_BDTRStructInit), (18 bytes).
    Removing stm32f10x_tim.o(i.TIM_CCPreloadControl), (24 bytes).
    Removing stm32f10x_tim.o(i.TIM_CCxCmd), (30 bytes).
    Removing stm32f10x_tim.o(i.TIM_CCxNCmd), (30 bytes).
    Removing stm32f10x_tim.o(i.TIM_ClearFlag), (6 bytes).
    Removing stm32f10x_tim.o(i.TIM_ClearITPendingBit), (6 bytes).
    Removing stm32f10x_tim.o(i.TIM_ClearOC1Ref), (18 bytes).
    Removing stm32f10x_tim.o(i.TIM_ClearOC2Ref), (24 bytes).
    Removing stm32f10x_tim.o(i.TIM_ClearOC3Ref), (18 bytes).
    Removing stm32f10x_tim.o(i.TIM_ClearOC4Ref), (24 bytes).
    Removing stm32f10x_tim.o(i.TIM_Cmd), (24 bytes).
    Removing stm32f10x_tim.o(i.TIM_CounterModeConfig), (18 bytes).
    Removing stm32f10x_tim.o(i.TIM_CtrlPWMOutputs), (30 bytes).
    Removing stm32f10x_tim.o(i.TIM_DMACmd), (18 bytes).
    Removing stm32f10x_tim.o(i.TIM_DMAConfig), (10 bytes).
    Removing stm32f10x_tim.o(i.TIM_DeInit), (488 bytes).
    Removing stm32f10x_tim.o(i.TIM_ETRClockMode1Config), (54 bytes).
    Removing stm32f10x_tim.o(i.TIM_ETRClockMode2Config), (32 bytes).
    Removing stm32f10x_tim.o(i.TIM_ETRConfig), (28 bytes).
    Removing stm32f10x_tim.o(i.TIM_EncoderInterfaceConfig), (66 bytes).
    Removing stm32f10x_tim.o(i.TIM_ForcedOC1Config), (18 bytes).
    Removing stm32f10x_tim.o(i.TIM_ForcedOC2Config), (26 bytes).
    Removing stm32f10x_tim.o(i.TIM_ForcedOC3Config), (18 bytes).
    Removing stm32f10x_tim.o(i.TIM_ForcedOC4Config), (26 bytes).
    Removing stm32f10x_tim.o(i.TIM_GenerateEvent), (4 bytes).
    Removing stm32f10x_tim.o(i.TIM_GetCapture1), (6 bytes).
    Removing stm32f10x_tim.o(i.TIM_GetCapture2), (6 bytes).
    Removing stm32f10x_tim.o(i.TIM_GetCapture3), (6 bytes).
    Removing stm32f10x_tim.o(i.TIM_GetCapture4), (8 bytes).
    Removing stm32f10x_tim.o(i.TIM_GetCounter), (6 bytes).
    Removing stm32f10x_tim.o(i.TIM_GetFlagStatus), (18 bytes).
    Removing stm32f10x_tim.o(i.TIM_GetITStatus), (34 bytes).
    Removing stm32f10x_tim.o(i.TIM_GetPrescaler), (6 bytes).
    Removing stm32f10x_tim.o(i.TIM_ICInit), (172 bytes).
    Removing stm32f10x_tim.o(i.TIM_ICStructInit), (18 bytes).
    Removing stm32f10x_tim.o(i.TIM_ITConfig), (18 bytes).
    Removing stm32f10x_tim.o(i.TIM_ITRxExternalClockConfig), (24 bytes).
    Removing stm32f10x_tim.o(i.TIM_InternalClockConfig), (12 bytes).
    Removing stm32f10x_tim.o(i.TIM_OC1FastConfig), (18 bytes).
    Removing stm32f10x_tim.o(i.TIM_OC1Init), (152 bytes).
    Removing stm32f10x_tim.o(i.TIM_OC1NPolarityConfig), (18 bytes).
    Removing stm32f10x_tim.o(i.TIM_OC1PolarityConfig), (18 bytes).
    Removing stm32f10x_tim.o(i.TIM_OC1PreloadConfig), (18 bytes).
    Removing stm32f10x_tim.o(i.TIM_OC2FastConfig), (26 bytes).
    Removing stm32f10x_tim.o(i.TIM_OC2Init), (164 bytes).
    Removing stm32f10x_tim.o(i.TIM_OC2NPolarityConfig), (26 bytes).
    Removing stm32f10x_tim.o(i.TIM_OC2PolarityConfig), (26 bytes).
    Removing stm32f10x_tim.o(i.TIM_OC2PreloadConfig), (26 bytes).
    Removing stm32f10x_tim.o(i.TIM_OC3FastConfig), (18 bytes).
    Removing stm32f10x_tim.o(i.TIM_OC3Init), (160 bytes).
    Removing stm32f10x_tim.o(i.TIM_OC3NPolarityConfig), (26 bytes).
    Removing stm32f10x_tim.o(i.TIM_OC3PolarityConfig), (26 bytes).
    Removing stm32f10x_tim.o(i.TIM_OC3PreloadConfig), (18 bytes).
    Removing stm32f10x_tim.o(i.TIM_OC4FastConfig), (26 bytes).
    Removing stm32f10x_tim.o(i.TIM_OC4Init), (124 bytes).
    Removing stm32f10x_tim.o(i.TIM_OC4PolarityConfig), (26 bytes).
    Removing stm32f10x_tim.o(i.TIM_OC4PreloadConfig), (26 bytes).
    Removing stm32f10x_tim.o(i.TIM_OCStructInit), (20 bytes).
    Removing stm32f10x_tim.o(i.TIM_PWMIConfig), (124 bytes).
    Removing stm32f10x_tim.o(i.TIM_PrescalerConfig), (6 bytes).
    Removing stm32f10x_tim.o(i.TIM_SelectCCDMA), (24 bytes).
    Removing stm32f10x_tim.o(i.TIM_SelectCOM), (24 bytes).
    Removing stm32f10x_tim.o(i.TIM_SelectHallSensor), (24 bytes).
    Removing stm32f10x_tim.o(i.TIM_SelectInputTrigger), (18 bytes).
    Removing stm32f10x_tim.o(i.TIM_SelectMasterSlaveMode), (18 bytes).
    Removing stm32f10x_tim.o(i.TIM_SelectOCxM), (82 bytes).
    Removing stm32f10x_tim.o(i.TIM_SelectOnePulseMode), (18 bytes).
    Removing stm32f10x_tim.o(i.TIM_SelectOutputTrigger), (18 bytes).
    Removing stm32f10x_tim.o(i.TIM_SelectSlaveMode), (18 bytes).
    Removing stm32f10x_tim.o(i.TIM_SetAutoreload), (4 bytes).
    Removing stm32f10x_tim.o(i.TIM_SetClockDivision), (18 bytes).
    Removing stm32f10x_tim.o(i.TIM_SetCompare1), (4 bytes).
    Removing stm32f10x_tim.o(i.TIM_SetCompare2), (4 bytes).
    Removing stm32f10x_tim.o(i.TIM_SetCompare3), (4 bytes).
    Removing stm32f10x_tim.o(i.TIM_SetCompare4), (6 bytes).
    Removing stm32f10x_tim.o(i.TIM_SetCounter), (4 bytes).
    Removing stm32f10x_tim.o(i.TIM_SetIC1Prescaler), (18 bytes).
    Removing stm32f10x_tim.o(i.TIM_SetIC2Prescaler), (26 bytes).
    Removing stm32f10x_tim.o(i.TIM_SetIC3Prescaler), (18 bytes).
    Removing stm32f10x_tim.o(i.TIM_SetIC4Prescaler), (26 bytes).
    Removing stm32f10x_tim.o(i.TIM_TIxExternalClockConfig), (62 bytes).
    Removing stm32f10x_tim.o(i.TIM_TimeBaseInit), (164 bytes).
    Removing stm32f10x_tim.o(i.TIM_TimeBaseStructInit), (18 bytes).
    Removing stm32f10x_tim.o(i.TIM_UpdateDisableConfig), (24 bytes).
    Removing stm32f10x_tim.o(i.TIM_UpdateRequestConfig), (24 bytes).
    Removing stm32f10x_usart.o(i.USART_ClearFlag), (18 bytes).
    Removing stm32f10x_usart.o(i.USART_ClearITPendingBit), (30 bytes).
    Removing stm32f10x_usart.o(i.USART_ClockInit), (34 bytes).
    Removing stm32f10x_usart.o(i.USART_ClockStructInit), (12 bytes).
    Removing stm32f10x_usart.o(i.USART_Cmd), (24 bytes).
    Removing stm32f10x_usart.o(i.USART_DMACmd), (18 bytes).
    Removing stm32f10x_usart.o(i.USART_DeInit), (156 bytes).
    Removing stm32f10x_usart.o(i.USART_GetFlagStatus), (26 bytes).
    Removing stm32f10x_usart.o(i.USART_GetITStatus), (84 bytes).
    Removing stm32f10x_usart.o(i.USART_HalfDuplexCmd), (24 bytes).
    Removing stm32f10x_usart.o(i.USART_ITConfig), (74 bytes).
    Removing stm32f10x_usart.o(i.USART_Init), (216 bytes).
    Removing stm32f10x_usart.o(i.USART_IrDACmd), (24 bytes).
    Removing stm32f10x_usart.o(i.USART_IrDAConfig), (18 bytes).
    Removing stm32f10x_usart.o(i.USART_LINBreakDetectLengthConfig), (18 bytes).
    Removing stm32f10x_usart.o(i.USART_LINCmd), (24 bytes).
    Removing stm32f10x_usart.o(i.USART_OneBitMethodCmd), (24 bytes).
    Removing stm32f10x_usart.o(i.USART_OverSampling8Cmd), (22 bytes).
    Removing stm32f10x_usart.o(i.USART_ReceiveData), (10 bytes).
    Removing stm32f10x_usart.o(i.USART_ReceiverWakeUpCmd), (24 bytes).
    Removing stm32f10x_usart.o(i.USART_SendBreak), (10 bytes).
    Removing stm32f10x_usart.o(i.USART_SendData), (8 bytes).
    Removing stm32f10x_usart.o(i.USART_SetAddress), (18 bytes).
    Removing stm32f10x_usart.o(i.USART_SetGuardTime), (16 bytes).
    Removing stm32f10x_usart.o(i.USART_SetPrescaler), (16 bytes).
    Removing stm32f10x_usart.o(i.USART_SmartCardCmd), (24 bytes).
    Removing stm32f10x_usart.o(i.USART_SmartCardNACKCmd), (24 bytes).
    Removing stm32f10x_usart.o(i.USART_StructInit), (24 bytes).
    Removing stm32f10x_usart.o(i.USART_WakeUpConfig), (18 bytes).
    Removing stm32f10x_wwdg.o(i.WWDG_ClearFlag), (12 bytes).
    Removing stm32f10x_wwdg.o(i.WWDG_DeInit), (22 bytes).
    Removing stm32f10x_wwdg.o(i.WWDG_Enable), (16 bytes).
    Removing stm32f10x_wwdg.o(i.WWDG_EnableIT), (12 bytes).
    Removing stm32f10x_wwdg.o(i.WWDG_GetFlagStatus), (12 bytes).
    Removing stm32f10x_wwdg.o(i.WWDG_SetCounter), (16 bytes).
    Removing stm32f10x_wwdg.o(i.WWDG_SetPrescaler), (24 bytes).
    Removing stm32f10x_wwdg.o(i.WWDG_SetWindowValue), (40 bytes).
    Removing core_cm3.o(.emb_text), (32 bytes).
    Removing system_stm32f10x.o(i.SystemCoreClockUpdate), (164 bytes).
    Removing system_stm32f10x.o(.data), (20 bytes).
    Removing sprite.o(i.IERG3810_TFTLCD_ShowChinChar), (236 bytes).
    Removing ierg3810_buzzer.o(i.IERG3810_Buzzer_Init), (56 bytes).
    Removing ierg3810_interrupt.o(i.IERG3810_key2_ExtiInit), (172 bytes).
    Removing ierg3810_interrupt.o(i.IERG3810_keyUP_ExtiInit), (152 bytes).
    Removing ierg3810_key.o(i.IERG3810_Key_Init), (200 bytes).
    Removing ierg3810_led.o(i.DS0_ON), (20 bytes).
    Removing ierg3810_timer.o(i.IERG3810_TIM3_Init), (92 bytes).
    Removing ierg3810_timer.o(i.IERG3810_TIM4_Init), (92 bytes).
    Removing ierg3810_usart.o(i.IERG3810_USART1_init), (196 bytes).
    Removing ierg3810_usart.o(i.IERG3810_USART2_init), (196 bytes).
    Removing ierg3810_usart.o(i.USART_print), (104 bytes).

487 unused section(s) (total 20928 bytes) removed from the image.

==============================================================================

Image Symbol Table

    Local Symbols

    Symbol Name                              Value     Ov Type        Size  Object(Section)

    ../clib/angel/boardlib.s                 0x00000000   Number         0  boardshut.o ABSOLUTE
    ../clib/angel/boardlib.s                 0x00000000   Number         0  boardinit1.o ABSOLUTE
    ../clib/angel/boardlib.s                 0x00000000   Number         0  boardinit2.o ABSOLUTE
    ../clib/angel/boardlib.s                 0x00000000   Number         0  boardinit3.o ABSOLUTE
    ../clib/angel/dclz77c.s                  0x00000000   Number         0  __dclz77c.o ABSOLUTE
    ../clib/angel/handlers.s                 0x00000000   Number         0  __scatter_zi.o ABSOLUTE
    ../clib/angel/kernel.s                   0x00000000   Number         0  __rtentry4.o ABSOLUTE
    ../clib/angel/kernel.s                   0x00000000   Number         0  __rtentry2.o ABSOLUTE
    ../clib/angel/kernel.s                   0x00000000   Number         0  rtexit.o ABSOLUTE
    ../clib/angel/kernel.s                   0x00000000   Number         0  rtexit2.o ABSOLUTE
    ../clib/angel/kernel.s                   0x00000000   Number         0  __rtentry.o ABSOLUTE
    ../clib/angel/rt.s                       0x00000000   Number         0  rt_raise.o ABSOLUTE
    ../clib/angel/scatter.s                  0x00000000   Number         0  __scatter.o ABSOLUTE
    ../clib/angel/startup.s                  0x00000000   Number         0  __main.o ABSOLUTE
    ../clib/angel/sys.s                      0x00000000   Number         0  use_no_semi.o ABSOLUTE
    ../clib/angel/sys.s                      0x00000000   Number         0  sys_stackheap_outer.o ABSOLUTE
    ../clib/angel/sys.s                      0x00000000   Number         0  libspace.o ABSOLUTE
    ../clib/angel/sys.s                      0x00000000   Number         0  indicate_semi.o ABSOLUTE
    ../clib/angel/sysapp.c                   0x00000000   Number         0  sys_exit.o ABSOLUTE
    ../clib/angel/sysapp.c                   0x00000000   Number         0  sys_command.o ABSOLUTE
    ../clib/angel/sysapp.c                   0x00000000   Number         0  sys_wrch.o ABSOLUTE
    ../clib/armsys.c                         0x00000000   Number         0  _get_argv_nomalloc.o ABSOLUTE
    ../clib/armsys.c                         0x00000000   Number         0  argv_veneer.o ABSOLUTE
    ../clib/armsys.c                         0x00000000   Number         0  argv_veneer.o ABSOLUTE
    ../clib/armsys.c                         0x00000000   Number         0  no_argv.o ABSOLUTE
    ../clib/heapalloc.c                      0x00000000   Number         0  hrguard.o ABSOLUTE
    ../clib/heapaux.c                        0x00000000   Number         0  heapauxi.o ABSOLUTE
    ../clib/libinit.s                        0x00000000   Number         0  libinit.o ABSOLUTE
    ../clib/libinit.s                        0x00000000   Number         0  libshutdown2.o ABSOLUTE
    ../clib/libinit.s                        0x00000000   Number         0  libinit2.o ABSOLUTE
    ../clib/libinit.s                        0x00000000   Number         0  libshutdown.o ABSOLUTE
    ../clib/memcpset.s                       0x00000000   Number         0  rt_memcpy_w.o ABSOLUTE
    ../clib/signal.c                         0x00000000   Number         0  defsig_rtmem_formal.o ABSOLUTE
    ../clib/signal.c                         0x00000000   Number         0  defsig_exit.o ABSOLUTE
    ../clib/signal.c                         0x00000000   Number         0  defsig_rtmem_inner.o ABSOLUTE
    ../clib/signal.c                         0x00000000   Number         0  defsig_other.o ABSOLUTE
    ../clib/signal.c                         0x00000000   Number         0  defsig_segv_inner.o ABSOLUTE
    ../clib/signal.c                         0x00000000   Number         0  defsig_cppl_inner.o ABSOLUTE
    ../clib/signal.c                         0x00000000   Number         0  defsig_pvfn_inner.o ABSOLUTE
    ../clib/signal.c                         0x00000000   Number         0  defsig_stak_inner.o ABSOLUTE
    ../clib/signal.c                         0x00000000   Number         0  defsig_rtred_inner.o ABSOLUTE
    ../clib/signal.c                         0x00000000   Number         0  defsig_fpe_inner.o ABSOLUTE
    ../clib/signal.c                         0x00000000   Number         0  defsig_abrt_inner.o ABSOLUTE
    ../clib/signal.c                         0x00000000   Number         0  defsig_general.o ABSOLUTE
    ../clib/signal.c                         0x00000000   Number         0  __raise.o ABSOLUTE
    ../clib/signal.c                         0x00000000   Number         0  defsig_rtmem_outer.o ABSOLUTE
    ../clib/signal.s                         0x00000000   Number         0  defsig.o ABSOLUTE
    ../clib/stdlib.c                         0x00000000   Number         0  exit.o ABSOLUTE
    ../fplib/faddsub.s                       0x00000000   Number         0  faddsub_clz.o ABSOLUTE
    ../fplib/fdiv.s                          0x00000000   Number         0  fdiv.o ABSOLUTE
    ../fplib/ffixu.s                         0x00000000   Number         0  ffixu.o ABSOLUTE
    ../fplib/fflt.s                          0x00000000   Number         0  fflt_clz.o ABSOLUTE
    ../fplib/fmul.s                          0x00000000   Number         0  fmul.o ABSOLUTE
    ../fplib/fnaninf.s                       0x00000000   Number         0  fnaninf.o ABSOLUTE
    ../fplib/fpinit.s                        0x00000000   Number         0  fpinit.o ABSOLUTE
    ../fplib/fretinf.s                       0x00000000   Number         0  fretinf.o ABSOLUTE
    ../fplib/usenofp.s                       0x00000000   Number         0  usenofp.o ABSOLUTE
    Board\GameData.c                         0x00000000   Number         0  gamedata.o ABSOLUTE
    Board\GhostMovement.c                    0x00000000   Number         0  ghostmovement.o ABSOLUTE
    Board\IERG3810_Buzzer.c                  0x00000000   Number         0  ierg3810_buzzer.o ABSOLUTE
    Board\IERG3810_Clock.c                   0x00000000   Number         0  ierg3810_clock.o ABSOLUTE
    Board\IERG3810_Delay.c                   0x00000000   Number         0  ierg3810_delay.o ABSOLUTE
    Board\IERG3810_Interrupt.c               0x00000000   Number         0  ierg3810_interrupt.o ABSOLUTE
    Board\IERG3810_KEY.c                     0x00000000   Number         0  ierg3810_key.o ABSOLUTE
    Board\IERG3810_LED.c                     0x00000000   Number         0  ierg3810_led.o ABSOLUTE
    Board\IERG3810_Timer.c                   0x00000000   Number         0  ierg3810_timer.o ABSOLUTE
    Board\IERG3810_USART.c                   0x00000000   Number         0  ierg3810_usart.o ABSOLUTE
    Board\PacmanMovement.c                   0x00000000   Number         0  pacmanmovement.o ABSOLUTE
    Board\Score.c                            0x00000000   Number         0  score.o ABSOLUTE
    Board\Sprite.c                           0x00000000   Number         0  sprite.o ABSOLUTE
    Core\\core_cm3.c                         0x00000000   Number         0  core_cm3.o ABSOLUTE
    Core\core_cm3.c                          0x00000000   Number         0  core_cm3.o ABSOLUTE
    Core\startup_stm32f10x_hd.s              0x00000000   Number         0  startup_stm32f10x_hd.o ABSOLUTE
    Core\system_stm32f10x.c                  0x00000000   Number         0  system_stm32f10x.o ABSOLUTE
    Fw_lib\src\misc.c                        0x00000000   Number         0  misc.o ABSOLUTE
    Fw_lib\src\stm32f10x_adc.c               0x00000000   Number         0  stm32f10x_adc.o ABSOLUTE
    Fw_lib\src\stm32f10x_bkp.c               0x00000000   Number         0  stm32f10x_bkp.o ABSOLUTE
    Fw_lib\src\stm32f10x_can.c               0x00000000   Number         0  stm32f10x_can.o ABSOLUTE
    Fw_lib\src\stm32f10x_cec.c               0x00000000   Number         0  stm32f10x_cec.o ABSOLUTE
    Fw_lib\src\stm32f10x_crc.c               0x00000000   Number         0  stm32f10x_crc.o ABSOLUTE
    Fw_lib\src\stm32f10x_dac.c               0x00000000   Number         0  stm32f10x_dac.o ABSOLUTE
    Fw_lib\src\stm32f10x_dbgmcu.c            0x00000000   Number         0  stm32f10x_dbgmcu.o ABSOLUTE
    Fw_lib\src\stm32f10x_dma.c               0x00000000   Number         0  stm32f10x_dma.o ABSOLUTE
    Fw_lib\src\stm32f10x_exti.c              0x00000000   Number         0  stm32f10x_exti.o ABSOLUTE
    Fw_lib\src\stm32f10x_flash.c             0x00000000   Number         0  stm32f10x_flash.o ABSOLUTE
    Fw_lib\src\stm32f10x_fsmc.c              0x00000000   Number         0  stm32f10x_fsmc.o ABSOLUTE
    Fw_lib\src\stm32f10x_gpio.c              0x00000000   Number         0  stm32f10x_gpio.o ABSOLUTE
    Fw_lib\src\stm32f10x_i2c.c               0x00000000   Number         0  stm32f10x_i2c.o ABSOLUTE
    Fw_lib\src\stm32f10x_iwdg.c              0x00000000   Number         0  stm32f10x_iwdg.o ABSOLUTE
    Fw_lib\src\stm32f10x_pwr.c               0x00000000   Number         0  stm32f10x_pwr.o ABSOLUTE
    Fw_lib\src\stm32f10x_rcc.c               0x00000000   Number         0  stm32f10x_rcc.o ABSOLUTE
    Fw_lib\src\stm32f10x_rtc.c               0x00000000   Number         0  stm32f10x_rtc.o ABSOLUTE
    Fw_lib\src\stm32f10x_sdio.c              0x00000000   Number         0  stm32f10x_sdio.o ABSOLUTE
    Fw_lib\src\stm32f10x_spi.c               0x00000000   Number         0  stm32f10x_spi.o ABSOLUTE
    Fw_lib\src\stm32f10x_tim.c               0x00000000   Number         0  stm32f10x_tim.o ABSOLUTE
    Fw_lib\src\stm32f10x_usart.c             0x00000000   Number         0  stm32f10x_usart.o ABSOLUTE
    Fw_lib\src\stm32f10x_wwdg.c              0x00000000   Number         0  stm32f10x_wwdg.o ABSOLUTE
    User\Pacman.c                            0x00000000   Number         0  pacman.o ABSOLUTE
    User\stm32f10x_it.c                      0x00000000   Number         0  stm32f10x_it.o ABSOLUTE
    dc.s                                     0x00000000   Number         0  dc.o ABSOLUTE
    RESET                                    0x08000000   Section      304  startup_stm32f10x_hd.o(RESET)
    !!!main                                  0x08000130   Section        8  __main.o(!!!main)
    !!!scatter                               0x08000138   Section       52  __scatter.o(!!!scatter)
    !!dclz77c                                0x0800016c   Section      100  __dclz77c.o(!!dclz77c)
    !!handler_zi                             0x080001d0   Section       28  __scatter_zi.o(!!handler_zi)
    .ARM.Collect$$libinit$$00000000          0x080001ec   Section        2  libinit.o(.ARM.Collect$$libinit$$00000000)
    .ARM.Collect$$libinit$$00000002          0x080001ee   Section        0  libinit2.o(.ARM.Collect$$libinit$$00000002)
    .ARM.Collect$$libinit$$00000004          0x080001ee   Section        0  libinit2.o(.ARM.Collect$$libinit$$00000004)
    .ARM.Collect$$libinit$$0000000A          0x080001ee   Section        0  libinit2.o(.ARM.Collect$$libinit$$0000000A)
    .ARM.Collect$$libinit$$0000000C          0x080001ee   Section        0  libinit2.o(.ARM.Collect$$libinit$$0000000C)
    .ARM.Collect$$libinit$$0000000E          0x080001ee   Section        0  libinit2.o(.ARM.Collect$$libinit$$0000000E)
    .ARM.Collect$$libinit$$00000011          0x080001ee   Section        0  libinit2.o(.ARM.Collect$$libinit$$00000011)
    .ARM.Collect$$libinit$$00000013          0x080001ee   Section        0  libinit2.o(.ARM.Collect$$libinit$$00000013)
    .ARM.Collect$$libinit$$00000015          0x080001ee   Section        0  libinit2.o(.ARM.Collect$$libinit$$00000015)
    .ARM.Collect$$libinit$$00000017          0x080001ee   Section        0  libinit2.o(.ARM.Collect$$libinit$$00000017)
    .ARM.Collect$$libinit$$00000019          0x080001ee   Section        0  libinit2.o(.ARM.Collect$$libinit$$00000019)
    .ARM.Collect$$libinit$$0000001B          0x080001ee   Section        0  libinit2.o(.ARM.Collect$$libinit$$0000001B)
    .ARM.Collect$$libinit$$0000001D          0x080001ee   Section        0  libinit2.o(.ARM.Collect$$libinit$$0000001D)
    .ARM.Collect$$libinit$$0000001F          0x080001ee   Section        0  libinit2.o(.ARM.Collect$$libinit$$0000001F)
    .ARM.Collect$$libinit$$00000021          0x080001ee   Section        0  libinit2.o(.ARM.Collect$$libinit$$00000021)
    .ARM.Collect$$libinit$$00000023          0x080001ee   Section        0  libinit2.o(.ARM.Collect$$libinit$$00000023)
    .ARM.Collect$$libinit$$00000025          0x080001ee   Section        0  libinit2.o(.ARM.Collect$$libinit$$00000025)
    .ARM.Collect$$libinit$$0000002C          0x080001ee   Section        0  libinit2.o(.ARM.Collect$$libinit$$0000002C)
    .ARM.Collect$$libinit$$0000002E          0x080001ee   Section        0  libinit2.o(.ARM.Collect$$libinit$$0000002E)
    .ARM.Collect$$libinit$$00000030          0x080001ee   Section        0  libinit2.o(.ARM.Collect$$libinit$$00000030)
    .ARM.Collect$$libinit$$00000032          0x080001ee   Section        0  libinit2.o(.ARM.Collect$$libinit$$00000032)
    .ARM.Collect$$libinit$$00000033          0x080001ee   Section        2  libinit2.o(.ARM.Collect$$libinit$$00000033)
    .ARM.Collect$$libshutdown$$00000000      0x080001f0   Section        2  libshutdown.o(.ARM.Collect$$libshutdown$$00000000)
    .ARM.Collect$$libshutdown$$00000003      0x080001f2   Section        0  libshutdown2.o(.ARM.Collect$$libshutdown$$00000003)
    .ARM.Collect$$libshutdown$$00000006      0x080001f2   Section        0  libshutdown2.o(.ARM.Collect$$libshutdown$$00000006)
    .ARM.Collect$$libshutdown$$00000009      0x080001f2   Section        0  libshutdown2.o(.ARM.Collect$$libshutdown$$00000009)
    .ARM.Collect$$libshutdown$$0000000B      0x080001f2   Section        0  libshutdown2.o(.ARM.Collect$$libshutdown$$0000000B)
    .ARM.Collect$$libshutdown$$0000000E      0x080001f2   Section        0  libshutdown2.o(.ARM.Collect$$libshutdown$$0000000E)
    .ARM.Collect$$libshutdown$$0000000F      0x080001f2   Section        2  libshutdown2.o(.ARM.Collect$$libshutdown$$0000000F)
    .ARM.Collect$$rtentry$$00000000          0x080001f4   Section        0  __rtentry.o(.ARM.Collect$$rtentry$$00000000)
    .ARM.Collect$$rtentry$$00000002          0x080001f4   Section        0  __rtentry2.o(.ARM.Collect$$rtentry$$00000002)
    .ARM.Collect$$rtentry$$00000004          0x080001f4   Section        6  __rtentry4.o(.ARM.Collect$$rtentry$$00000004)
    .ARM.Collect$$rtentry$$00000009          0x080001fa   Section        0  __rtentry2.o(.ARM.Collect$$rtentry$$00000009)
    .ARM.Collect$$rtentry$$0000000A          0x080001fa   Section        4  __rtentry2.o(.ARM.Collect$$rtentry$$0000000A)
    .ARM.Collect$$rtentry$$0000000C          0x080001fe   Section        0  __rtentry2.o(.ARM.Collect$$rtentry$$0000000C)
    .ARM.Collect$$rtentry$$0000000D          0x080001fe   Section        8  __rtentry2.o(.ARM.Collect$$rtentry$$0000000D)
    .ARM.Collect$$rtexit$$00000000           0x08000206   Section        2  rtexit.o(.ARM.Collect$$rtexit$$00000000)
    .ARM.Collect$$rtexit$$00000002           0x08000208   Section        0  rtexit2.o(.ARM.Collect$$rtexit$$00000002)
    .ARM.Collect$$rtexit$$00000003           0x08000208   Section        4  rtexit2.o(.ARM.Collect$$rtexit$$00000003)
    .ARM.Collect$$rtexit$$00000004           0x0800020c   Section        6  rtexit2.o(.ARM.Collect$$rtexit$$00000004)
    .text                                    0x08000214   Section       64  startup_stm32f10x_hd.o(.text)
    .text                                    0x08000254   Section      100  rt_memcpy_w.o(.text)
    .text                                    0x080002b8   Section        0  heapauxi.o(.text)
    .text                                    0x080002be   Section       74  sys_stackheap_outer.o(.text)
    .text                                    0x08000308   Section        0  exit.o(.text)
    .text                                    0x08000314   Section        8  libspace.o(.text)
    .text                                    0x0800031c   Section        0  sys_exit.o(.text)
    .text                                    0x08000328   Section        2  use_no_semi.o(.text)
    .text                                    0x0800032a   Section        0  indicate_semi.o(.text)
    i.BusFault_Handler                       0x0800032a   Section        0  stm32f10x_it.o(i.BusFault_Handler)
    i.CalculateDistance                      0x0800032e   Section        0  ghostmovement.o(i.CalculateDistance)
    i.Clock_PD3_ExtiInit                     0x08000344   Section        0  pacman.o(i.Clock_PD3_ExtiInit)
    i.CopyMap                                0x080003bc   Section        0  gamedata.o(i.CopyMap)
    i.DebugMon_Handler                       0x080003f0   Section        0  stm32f10x_it.o(i.DebugMon_Handler)
    i.Delay                                  0x080003f2   Section        0  ierg3810_delay.o(i.Delay)
    i.EXTI15_10_IRQHandler                   0x08000400   Section        0  pacman.o(i.EXTI15_10_IRQHandler)
    i.EXTI3_IRQHandler                       0x08000458   Section        0  pacman.o(i.EXTI3_IRQHandler)
    i.GetGameMode                            0x08000480   Section        0  ghostmovement.o(i.GetGameMode)
    i.GetGhostInfo                           0x08000488   Section        0  ghostmovement.o(i.GetGhostInfo)
    i.GetPacmanInfo                          0x080004ac   Section        0  pacmanmovement.o(i.GetPacmanInfo)
    i.GhostEattenScoreIncrease               0x080004d4   Section        0  score.o(i.GhostEattenScoreIncrease)
    i.GhostIsOnPacman                        0x080004dc   Section        0  ghostmovement.o(i.GhostIsOnPacman)
    i.GhostIsOnPortal                        0x080004f6   Section        0  ghostmovement.o(i.GhostIsOnPortal)
    i.GhostStepsIs8                          0x08000516   Section        0  ghostmovement.o(i.GhostStepsIs8)
    i.HardFault_Handler                      0x08000534   Section        0  stm32f10x_it.o(i.HardFault_Handler)
    i.IERG3810_LED_Init                      0x08000538   Section        0  ierg3810_led.o(i.IERG3810_LED_Init)
    i.IERG3810_NVIC_SetPriorityGroup         0x080005b0   Section        0  ierg3810_interrupt.o(i.IERG3810_NVIC_SetPriorityGroup)
    i.IERG3810_PS2key_ExtiInit               0x080005d8   Section        0  ierg3810_interrupt.o(i.IERG3810_PS2key_ExtiInit)
    i.IERG3810_SYSTICK_Init10ms              0x08000680   Section        0  ierg3810_timer.o(i.IERG3810_SYSTICK_Init10ms)
    i.IERG3810_TFTLCD_DrawDot                0x080006a0   Section        0  sprite.o(i.IERG3810_TFTLCD_DrawDot)
    i.IERG3810_TFTLCD_FillRectangle          0x080006f0   Section        0  sprite.o(i.IERG3810_TFTLCD_FillRectangle)
    i.IERG3810_TFTLCD_Init                   0x08000764   Section        0  sprite.o(i.IERG3810_TFTLCD_Init)
    i.IERG3810_TFTLCD_ShowChar               0x080008dc   Section        0  sprite.o(i.IERG3810_TFTLCD_ShowChar)
    i.IERG3810_TFTLCD_ShowString             0x080009c8   Section        0  sprite.o(i.IERG3810_TFTLCD_ShowString)
    i.IERG3810_TFTLCD_WrData                 0x08000ab0   Section        0  sprite.o(i.IERG3810_TFTLCD_WrData)
    i.IERG3810_TFTLCD_WrReg                  0x08000abc   Section        0  sprite.o(i.IERG3810_TFTLCD_WrReg)
    i.IERG3810_clock_tree_init               0x08000ac8   Section        0  ierg3810_clock.o(i.IERG3810_clock_tree_init)
    i.IntToString                            0x08000b6c   Section        0  gamedata.o(i.IntToString)
    i.LCD_Set9341_Parameter                  0x08000be0   Section        0  sprite.o(i.LCD_Set9341_Parameter)
    i.LatchAndClockAndData_Init              0x08000c10   Section        0  pacman.o(i.LatchAndClockAndData_Init)
    i.MemManage_Handler                      0x08000cbc   Section        0  stm32f10x_it.o(i.MemManage_Handler)
    i.NMI_Handler                            0x08000cc0   Section        0  stm32f10x_it.o(i.NMI_Handler)
    i.PacmanIsOnPortal                       0x08000cc2   Section        0  pacmanmovement.o(i.PacmanIsOnPortal)
    i.PacmanNextIsWalkable                   0x08000ce2   Section        0  pacmanmovement.o(i.PacmanNextIsWalkable)
    i.PacmanStepsIs8                         0x08000d14   Section        0  pacmanmovement.o(i.PacmanStepsIs8)
    i.PendSV_Handler                         0x08000d32   Section        0  stm32f10x_it.o(i.PendSV_Handler)
    i.PointScoreIncrease                     0x08000d34   Section        0  score.o(i.PointScoreIncrease)
    i.PrintMap                               0x08000d5c   Section        0  sprite.o(i.PrintMap)
    i.PrintSprite                            0x08000e94   Section        0  sprite.o(i.PrintSprite)
    i.RandNum                                0x0800110c   Section        0  ghostmovement.o(i.RandNum)
    i.RepairPrintMap                         0x08001120   Section        0  sprite.o(i.RepairPrintMap)
    i.SVC_Handler                            0x0800131c   Section        0  stm32f10x_it.o(i.SVC_Handler)
    i.SetSysClock                            0x0800131e   Section        0  system_stm32f10x.o(i.SetSysClock)
    SetSysClock                              0x0800131f   Thumb Code     8  system_stm32f10x.o(i.SetSysClock)
    i.SetSysClockTo72                        0x08001328   Section        0  system_stm32f10x.o(i.SetSysClockTo72)
    SetSysClockTo72                          0x08001329   Thumb Code   214  system_stm32f10x.o(i.SetSysClockTo72)
    i.SysTick_Handler                        0x08001408   Section        0  stm32f10x_it.o(i.SysTick_Handler)
    i.SystemInit                             0x08001418   Section        0  system_stm32f10x.o(i.SystemInit)
    i.TargetToEatten                         0x08001478   Section        0  ghostmovement.o(i.TargetToEatten)
    i.TargetToFrightened                     0x08001484   Section        0  ghostmovement.o(i.TargetToFrightened)
    i.TargetToHouse                          0x0800151c   Section        0  ghostmovement.o(i.TargetToHouse)
    i.TargetToScatter                        0x08001526   Section        0  ghostmovement.o(i.TargetToScatter)
    i.TileIsPoint                            0x08001530   Section        0  gamedata.o(i.TileIsPoint)
    i.ToPixelX                               0x08001556   Section        0  sprite.o(i.ToPixelX)
    i.ToPixelY                               0x08001562   Section        0  sprite.o(i.ToPixelY)
    i.TurnBlinky                             0x0800156e   Section        0  ghostmovement.o(i.TurnBlinky)
    i.TurnClyde                              0x08001580   Section        0  ghostmovement.o(i.TurnClyde)
    i.TurnInky                               0x08001592   Section        0  ghostmovement.o(i.TurnInky)
    i.TurnPinky                              0x080015a4   Section        0  ghostmovement.o(i.TurnPinky)
    i.UpdateBlinkyTarget                     0x080015b6   Section        0  ghostmovement.o(i.UpdateBlinkyTarget)
    i.UpdateClydeTarget                      0x0800160e   Section        0  ghostmovement.o(i.UpdateClydeTarget)
    i.UpdateGameModeTo                       0x08001682   Section        0  ghostmovement.o(i.UpdateGameModeTo)
    i.UpdateGhostDirection                   0x08001690   Section        0  ghostmovement.o(i.UpdateGhostDirection)
    i.UpdateGhostModeToGameMode              0x080017d0   Section        0  ghostmovement.o(i.UpdateGhostModeToGameMode)
    i.UpdateGhostModeToInput                 0x080017e6   Section        0  ghostmovement.o(i.UpdateGhostModeToInput)
    i.UpdateGhostPortalPosition              0x080017f2   Section        0  ghostmovement.o(i.UpdateGhostPortalPosition)
    i.UpdateGhostPosition                    0x08001826   Section        0  ghostmovement.o(i.UpdateGhostPosition)
    i.UpdateGhostSteps                       0x0800183c   Section        0  ghostmovement.o(i.UpdateGhostSteps)
    i.UpdateInkyTarget                       0x08001846   Section        0  ghostmovement.o(i.UpdateInkyTarget)
    i.UpdatePacmanBuffer                     0x080018de   Section        0  pacmanmovement.o(i.UpdatePacmanBuffer)
    i.UpdatePacmanDirection                  0x080018e4   Section        0  pacmanmovement.o(i.UpdatePacmanDirection)
    i.UpdatePacmanNextDirection              0x080018ee   Section        0  pacmanmovement.o(i.UpdatePacmanNextDirection)
    i.UpdatePacmanPortalPosition             0x08001928   Section        0  pacmanmovement.o(i.UpdatePacmanPortalPosition)
    i.UpdatePacmanPosition                   0x0800195c   Section        0  pacmanmovement.o(i.UpdatePacmanPosition)
    i.UpdatePacmanSteps                      0x08001972   Section        0  pacmanmovement.o(i.UpdatePacmanSteps)
    i.UpdatePinkyTarget                      0x0800197c   Section        0  ghostmovement.o(i.UpdatePinkyTarget)
    i.UsageFault_Handler                     0x080019e4   Section        0  stm32f10x_it.o(i.UsageFault_Handler)
    i.main                                   0x080019e8   Section        0  pacman.o(i.main)
    .constdata                               0x0800613c   Section       32  ghostmovement.o(.constdata)
    .constdata                               0x0800615c   Section     3286  sprite.o(.constdata)
    .constdata                               0x08006e34   Section      100  pacman.o(.constdata)
    .data                                    0x20000000   Section     1740  sprite.o(.data)
    .data                                    0x200006cc   Section        4  gamedata.o(.data)
    string                                   0x200006cc   Data           4  gamedata.o(.data)
    .data                                    0x200006d0   Section    13635  pacman.o(.data)
    .bss                                     0x20003c14   Section       14  ghostmovement.o(.bss)
    Info                                     0x20003c14   Data          14  ghostmovement.o(.bss)
    .bss                                     0x20003c22   Section       14  pacmanmovement.o(.bss)
    Info                                     0x20003c22   Data          14  pacmanmovement.o(.bss)
    .bss                                     0x20003c30   Section       96  libspace.o(.bss)
    HEAP                                     0x20003c90   Section      512  startup_stm32f10x_hd.o(HEAP)
    Heap_Mem                                 0x20003c90   Data         512  startup_stm32f10x_hd.o(HEAP)
    STACK                                    0x20003e90   Section     1024  startup_stm32f10x_hd.o(STACK)
    Stack_Mem                                0x20003e90   Data        1024  startup_stm32f10x_hd.o(STACK)
    __initial_sp                             0x20004290   Data           0  startup_stm32f10x_hd.o(STACK)

    Global Symbols

    Symbol Name                              Value     Ov Type        Size  Object(Section)

    BuildAttributes$$THM_ISAv4$P$D$K$B$S$PE$A:L22UL41UL21$X:L11$S22US41US21$IEEE1$IW$USESV6$~STKCKD$USESV7$~SHL$OSPACE$ROPI$EBA8$UX$STANDARDLIB$REQ8$PRES8$EABIv2 0x00000000   Number         0  anon$$obj.o ABSOLUTE
    __ARM_use_no_argv                        0x00000000   Number         0  pacman.o ABSOLUTE
    __ARM_exceptions_init                     - Undefined Weak Reference
    __alloca_initialize                       - Undefined Weak Reference
    __arm_preinit_                            - Undefined Weak Reference
    __cpp_initialize__aeabi_                  - Undefined Weak Reference
    __cxa_finalize                            - Undefined Weak Reference
    __rt_locale                               - Undefined Weak Reference
    __sigvec_lookup                           - Undefined Weak Reference
    _atexit_init                              - Undefined Weak Reference
    _call_atexit_fns                          - Undefined Weak Reference
    _clock_init                               - Undefined Weak Reference
    _fp_trap_init                             - Undefined Weak Reference
    _fp_trap_shutdown                         - Undefined Weak Reference
    _get_lc_collate                           - Undefined Weak Reference
    _get_lc_ctype                             - Undefined Weak Reference
    _get_lc_monetary                          - Undefined Weak Reference
    _get_lc_numeric                           - Undefined Weak Reference
    _get_lc_time                              - Undefined Weak Reference
    _getenv_init                              - Undefined Weak Reference
    _handle_redirection                       - Undefined Weak Reference
    _init_alloc                               - Undefined Weak Reference
    _init_user_alloc                          - Undefined Weak Reference
    _initio                                   - Undefined Weak Reference
    _rand_init                                - Undefined Weak Reference
    _signal_finish                            - Undefined Weak Reference
    _signal_init                              - Undefined Weak Reference
    _terminate_alloc                          - Undefined Weak Reference
    _terminate_user_alloc                     - Undefined Weak Reference
    _terminateio                              - Undefined Weak Reference
    __Vectors_Size                           0x00000130   Number         0  startup_stm32f10x_hd.o ABSOLUTE
    __Vectors                                0x08000000   Data           4  startup_stm32f10x_hd.o(RESET)
    __Vectors_End                            0x08000130   Data           0  startup_stm32f10x_hd.o(RESET)
    __main                                   0x08000131   Thumb Code     8  __main.o(!!!main)
    __scatterload                            0x08000139   Thumb Code     0  __scatter.o(!!!scatter)
    __scatterload_rt2                        0x08000139   Thumb Code    44  __scatter.o(!!!scatter)
    __scatterload_rt2_thumb_only             0x08000139   Thumb Code     0  __scatter.o(!!!scatter)
    __scatterload_null                       0x08000147   Thumb Code     0  __scatter.o(!!!scatter)
    __decompress                             0x0800016d   Thumb Code   100  __dclz77c.o(!!dclz77c)
    __decompress2                            0x0800016d   Thumb Code     0  __dclz77c.o(!!dclz77c)
    __scatterload_zeroinit                   0x080001d1   Thumb Code    28  __scatter_zi.o(!!handler_zi)
    __rt_lib_init                            0x080001ed   Thumb Code     0  libinit.o(.ARM.Collect$$libinit$$00000000)
    __rt_lib_init_alloca_1                   0x080001ef   Thumb Code     0  libinit2.o(.ARM.Collect$$libinit$$0000002E)
    __rt_lib_init_argv_1                     0x080001ef   Thumb Code     0  libinit2.o(.ARM.Collect$$libinit$$0000002C)
    __rt_lib_init_atexit_1                   0x080001ef   Thumb Code     0  libinit2.o(.ARM.Collect$$libinit$$0000001B)
    __rt_lib_init_clock_1                    0x080001ef   Thumb Code     0  libinit2.o(.ARM.Collect$$libinit$$00000021)
    __rt_lib_init_cpp_1                      0x080001ef   Thumb Code     0  libinit2.o(.ARM.Collect$$libinit$$00000032)
    __rt_lib_init_exceptions_1               0x080001ef   Thumb Code     0  libinit2.o(.ARM.Collect$$libinit$$00000030)
    __rt_lib_init_fp_1                       0x080001ef   Thumb Code     0  libinit2.o(.ARM.Collect$$libinit$$00000002)
    __rt_lib_init_fp_trap_1                  0x080001ef   Thumb Code     0  libinit2.o(.ARM.Collect$$libinit$$0000001F)
    __rt_lib_init_getenv_1                   0x080001ef   Thumb Code     0  libinit2.o(.ARM.Collect$$libinit$$00000023)
    __rt_lib_init_heap_1                     0x080001ef   Thumb Code     0  libinit2.o(.ARM.Collect$$libinit$$0000000A)
    __rt_lib_init_lc_collate_1               0x080001ef   Thumb Code     0  libinit2.o(.ARM.Collect$$libinit$$00000011)
    __rt_lib_init_lc_ctype_1                 0x080001ef   Thumb Code     0  libinit2.o(.ARM.Collect$$libinit$$00000013)
    __rt_lib_init_lc_monetary_1              0x080001ef   Thumb Code     0  libinit2.o(.ARM.Collect$$libinit$$00000015)
    __rt_lib_init_lc_numeric_1               0x080001ef   Thumb Code     0  libinit2.o(.ARM.Collect$$libinit$$00000017)
    __rt_lib_init_lc_time_1                  0x080001ef   Thumb Code     0  libinit2.o(.ARM.Collect$$libinit$$00000019)
    __rt_lib_init_preinit_1                  0x080001ef   Thumb Code     0  libinit2.o(.ARM.Collect$$libinit$$00000004)
    __rt_lib_init_rand_1                     0x080001ef   Thumb Code     0  libinit2.o(.ARM.Collect$$libinit$$0000000E)
    __rt_lib_init_return                     0x080001ef   Thumb Code     0  libinit2.o(.ARM.Collect$$libinit$$00000033)
    __rt_lib_init_signal_1                   0x080001ef   Thumb Code     0  libinit2.o(.ARM.Collect$$libinit$$0000001D)
    __rt_lib_init_stdio_1                    0x080001ef   Thumb Code     0  libinit2.o(.ARM.Collect$$libinit$$00000025)
    __rt_lib_init_user_alloc_1               0x080001ef   Thumb Code     0  libinit2.o(.ARM.Collect$$libinit$$0000000C)
    __rt_lib_shutdown                        0x080001f1   Thumb Code     0  libshutdown.o(.ARM.Collect$$libshutdown$$00000000)
    __rt_lib_shutdown_fp_trap_1              0x080001f3   Thumb Code     0  libshutdown2.o(.ARM.Collect$$libshutdown$$00000006)
    __rt_lib_shutdown_heap_1                 0x080001f3   Thumb Code     0  libshutdown2.o(.ARM.Collect$$libshutdown$$0000000E)
    __rt_lib_shutdown_return                 0x080001f3   Thumb Code     0  libshutdown2.o(.ARM.Collect$$libshutdown$$0000000F)
    __rt_lib_shutdown_signal_1               0x080001f3   Thumb Code     0  libshutdown2.o(.ARM.Collect$$libshutdown$$00000009)
    __rt_lib_shutdown_stdio_1                0x080001f3   Thumb Code     0  libshutdown2.o(.ARM.Collect$$libshutdown$$00000003)
    __rt_lib_shutdown_user_alloc_1           0x080001f3   Thumb Code     0  libshutdown2.o(.ARM.Collect$$libshutdown$$0000000B)
    __rt_entry                               0x080001f5   Thumb Code     0  __rtentry.o(.ARM.Collect$$rtentry$$00000000)
    __rt_entry_presh_1                       0x080001f5   Thumb Code     0  __rtentry2.o(.ARM.Collect$$rtentry$$00000002)
    __rt_entry_sh                            0x080001f5   Thumb Code     0  __rtentry4.o(.ARM.Collect$$rtentry$$00000004)
    __rt_entry_li                            0x080001fb   Thumb Code     0  __rtentry2.o(.ARM.Collect$$rtentry$$0000000A)
    __rt_entry_postsh_1                      0x080001fb   Thumb Code     0  __rtentry2.o(.ARM.Collect$$rtentry$$00000009)
    __rt_entry_main                          0x080001ff   Thumb Code     0  __rtentry2.o(.ARM.Collect$$rtentry$$0000000D)
    __rt_entry_postli_1                      0x080001ff   Thumb Code     0  __rtentry2.o(.ARM.Collect$$rtentry$$0000000C)
    __rt_exit                                0x08000207   Thumb Code     0  rtexit.o(.ARM.Collect$$rtexit$$00000000)
    __rt_exit_ls                             0x08000209   Thumb Code     0  rtexit2.o(.ARM.Collect$$rtexit$$00000003)
    __rt_exit_prels_1                        0x08000209   Thumb Code     0  rtexit2.o(.ARM.Collect$$rtexit$$00000002)
    __rt_exit_exit                           0x0800020d   Thumb Code     0  rtexit2.o(.ARM.Collect$$rtexit$$00000004)
    Reset_Handler                            0x08000215   Thumb Code     8  startup_stm32f10x_hd.o(.text)
    ADC1_2_IRQHandler                        0x0800022f   Thumb Code     0  startup_stm32f10x_hd.o(.text)
    ADC3_IRQHandler                          0x0800022f   Thumb Code     0  startup_stm32f10x_hd.o(.text)
    CAN1_RX1_IRQHandler                      0x0800022f   Thumb Code     0  startup_stm32f10x_hd.o(.text)
    CAN1_SCE_IRQHandler                      0x0800022f   Thumb Code     0  startup_stm32f10x_hd.o(.text)
    DMA1_Channel1_IRQHandler                 0x0800022f   Thumb Code     0  startup_stm32f10x_hd.o(.text)
    DMA1_Channel2_IRQHandler                 0x0800022f   Thumb Code     0  startup_stm32f10x_hd.o(.text)
    DMA1_Channel3_IRQHandler                 0x0800022f   Thumb Code     0  startup_stm32f10x_hd.o(.text)
    DMA1_Channel4_IRQHandler                 0x0800022f   Thumb Code     0  startup_stm32f10x_hd.o(.text)
    DMA1_Channel5_IRQHandler                 0x0800022f   Thumb Code     0  startup_stm32f10x_hd.o(.text)
    DMA1_Channel6_IRQHandler                 0x0800022f   Thumb Code     0  startup_stm32f10x_hd.o(.text)
    DMA1_Channel7_IRQHandler                 0x0800022f   Thumb Code     0  startup_stm32f10x_hd.o(.text)
    DMA2_Channel1_IRQHandler                 0x0800022f   Thumb Code     0  startup_stm32f10x_hd.o(.text)
    DMA2_Channel2_IRQHandler                 0x0800022f   Thumb Code     0  startup_stm32f10x_hd.o(.text)
    DMA2_Channel3_IRQHandler                 0x0800022f   Thumb Code     0  startup_stm32f10x_hd.o(.text)
    DMA2_Channel4_5_IRQHandler               0x0800022f   Thumb Code     0  startup_stm32f10x_hd.o(.text)
    EXTI0_IRQHandler                         0x0800022f   Thumb Code     0  startup_stm32f10x_hd.o(.text)
    EXTI1_IRQHandler                         0x0800022f   Thumb Code     0  startup_stm32f10x_hd.o(.text)
    EXTI2_IRQHandler                         0x0800022f   Thumb Code     0  startup_stm32f10x_hd.o(.text)
    EXTI4_IRQHandler                         0x0800022f   Thumb Code     0  startup_stm32f10x_hd.o(.text)
    EXTI9_5_IRQHandler                       0x0800022f   Thumb Code     0  startup_stm32f10x_hd.o(.text)
    FLASH_IRQHandler                         0x0800022f   Thumb Code     0  startup_stm32f10x_hd.o(.text)
    FSMC_IRQHandler                          0x0800022f   Thumb Code     0  startup_stm32f10x_hd.o(.text)
    I2C1_ER_IRQHandler                       0x0800022f   Thumb Code     0  startup_stm32f10x_hd.o(.text)
    I2C1_EV_IRQHandler                       0x0800022f   Thumb Code     0  startup_stm32f10x_hd.o(.text)
    I2C2_ER_IRQHandler                       0x0800022f   Thumb Code     0  startup_stm32f10x_hd.o(.text)
    I2C2_EV_IRQHandler                       0x0800022f   Thumb Code     0  startup_stm32f10x_hd.o(.text)
    PVD_IRQHandler                           0x0800022f   Thumb Code     0  startup_stm32f10x_hd.o(.text)
    RCC_IRQHandler                           0x0800022f   Thumb Code     0  startup_stm32f10x_hd.o(.text)
    RTCAlarm_IRQHandler                      0x0800022f   Thumb Code     0  startup_stm32f10x_hd.o(.text)
    RTC_IRQHandler                           0x0800022f   Thumb Code     0  startup_stm32f10x_hd.o(.text)
    SDIO_IRQHandler                          0x0800022f   Thumb Code     0  startup_stm32f10x_hd.o(.text)
    SPI1_IRQHandler                          0x0800022f   Thumb Code     0  startup_stm32f10x_hd.o(.text)
    SPI2_IRQHandler                          0x0800022f   Thumb Code     0  startup_stm32f10x_hd.o(.text)
    SPI3_IRQHandler                          0x0800022f   Thumb Code     0  startup_stm32f10x_hd.o(.text)
    TAMPER_IRQHandler                        0x0800022f   Thumb Code     0  startup_stm32f10x_hd.o(.text)
    TIM1_BRK_IRQHandler                      0x0800022f   Thumb Code     0  startup_stm32f10x_hd.o(.text)
    TIM1_CC_IRQHandler                       0x0800022f   Thumb Code     0  startup_stm32f10x_hd.o(.text)
    TIM1_TRG_COM_IRQHandler                  0x0800022f   Thumb Code     0  startup_stm32f10x_hd.o(.text)
    TIM1_UP_IRQHandler                       0x0800022f   Thumb Code     0  startup_stm32f10x_hd.o(.text)
    TIM2_IRQHandler                          0x0800022f   Thumb Code     0  startup_stm32f10x_hd.o(.text)
    TIM3_IRQHandler                          0x0800022f   Thumb Code     0  startup_stm32f10x_hd.o(.text)
    TIM4_IRQHandler                          0x0800022f   Thumb Code     0  startup_stm32f10x_hd.o(.text)
    TIM5_IRQHandler                          0x0800022f   Thumb Code     0  startup_stm32f10x_hd.o(.text)
    TIM6_IRQHandler                          0x0800022f   Thumb Code     0  startup_stm32f10x_hd.o(.text)
    TIM7_IRQHandler                          0x0800022f   Thumb Code     0  startup_stm32f10x_hd.o(.text)
    TIM8_BRK_IRQHandler                      0x0800022f   Thumb Code     0  startup_stm32f10x_hd.o(.text)
    TIM8_CC_IRQHandler                       0x0800022f   Thumb Code     0  startup_stm32f10x_hd.o(.text)
    TIM8_TRG_COM_IRQHandler                  0x0800022f   Thumb Code     0  startup_stm32f10x_hd.o(.text)
    TIM8_UP_IRQHandler                       0x0800022f   Thumb Code     0  startup_stm32f10x_hd.o(.text)
    UART4_IRQHandler                         0x0800022f   Thumb Code     0  startup_stm32f10x_hd.o(.text)
    UART5_IRQHandler                         0x0800022f   Thumb Code     0  startup_stm32f10x_hd.o(.text)
    USART1_IRQHandler                        0x0800022f   Thumb Code     0  startup_stm32f10x_hd.o(.text)
    USART2_IRQHandler                        0x0800022f   Thumb Code     0  startup_stm32f10x_hd.o(.text)
    USART3_IRQHandler                        0x0800022f   Thumb Code     0  startup_stm32f10x_hd.o(.text)
    USBWakeUp_IRQHandler                     0x0800022f   Thumb Code     0  startup_stm32f10x_hd.o(.text)
    USB_HP_CAN1_TX_IRQHandler                0x0800022f   Thumb Code     0  startup_stm32f10x_hd.o(.text)
    USB_LP_CAN1_RX0_IRQHandler               0x0800022f   Thumb Code     0  startup_stm32f10x_hd.o(.text)
    WWDG_IRQHandler                          0x0800022f   Thumb Code     0  startup_stm32f10x_hd.o(.text)
    __user_initial_stackheap                 0x08000231   Thumb Code     0  startup_stm32f10x_hd.o(.text)
    __aeabi_memcpy4                          0x08000255   Thumb Code     0  rt_memcpy_w.o(.text)
    __aeabi_memcpy8                          0x08000255   Thumb Code     0  rt_memcpy_w.o(.text)
    __rt_memcpy_w                            0x08000255   Thumb Code   100  rt_memcpy_w.o(.text)
    _memcpy_lastbytes_aligned                0x0800029d   Thumb Code     0  rt_memcpy_w.o(.text)
    __use_two_region_memory                  0x080002b9   Thumb Code     2  heapauxi.o(.text)
    __rt_heap_escrow$2region                 0x080002bb   Thumb Code     2  heapauxi.o(.text)
    __rt_heap_expand$2region                 0x080002bd   Thumb Code     2  heapauxi.o(.text)
    __user_setup_stackheap                   0x080002bf   Thumb Code    74  sys_stackheap_outer.o(.text)
    exit                                     0x08000309   Thumb Code    12  exit.o(.text)
    __user_libspace                          0x08000315   Thumb Code     8  libspace.o(.text)
    __user_perproc_libspace                  0x08000315   Thumb Code     0  libspace.o(.text)
    __user_perthread_libspace                0x08000315   Thumb Code     0  libspace.o(.text)
    _sys_exit                                0x0800031d   Thumb Code     8  sys_exit.o(.text)
    __I$use$semihosting                      0x08000329   Thumb Code     0  use_no_semi.o(.text)
    __use_no_semihosting_swi                 0x08000329   Thumb Code     2  use_no_semi.o(.text)
    BusFault_Handler                         0x0800032b   Thumb Code     4  stm32f10x_it.o(i.BusFault_Handler)
    __semihosting_library_function           0x0800032b   Thumb Code     0  indicate_semi.o(.text)
    CalculateDistance                        0x0800032f   Thumb Code    22  ghostmovement.o(i.CalculateDistance)
    Clock_PD3_ExtiInit                       0x08000345   Thumb Code   100  pacman.o(i.Clock_PD3_ExtiInit)
    CopyMap                                  0x080003bd   Thumb Code    52  gamedata.o(i.CopyMap)
    DebugMon_Handler                         0x080003f1   Thumb Code     2  stm32f10x_it.o(i.DebugMon_Handler)
    Delay                                    0x080003f3   Thumb Code    12  ierg3810_delay.o(i.Delay)
    EXTI15_10_IRQHandler                     0x08000401   Thumb Code    70  pacman.o(i.EXTI15_10_IRQHandler)
    EXTI3_IRQHandler                         0x08000459   Thumb Code    28  pacman.o(i.EXTI3_IRQHandler)
    GetGameMode                              0x08000481   Thumb Code     8  ghostmovement.o(i.GetGameMode)
    GetGhostInfo                             0x08000489   Thumb Code    32  ghostmovement.o(i.GetGhostInfo)
    GetPacmanInfo                            0x080004ad   Thumb Code    36  pacmanmovement.o(i.GetPacmanInfo)
    GhostEattenScoreIncrease                 0x080004d5   Thumb Code     8  score.o(i.GhostEattenScoreIncrease)
    GhostIsOnPacman                          0x080004dd   Thumb Code    26  ghostmovement.o(i.GhostIsOnPacman)
    GhostIsOnPortal                          0x080004f7   Thumb Code    32  ghostmovement.o(i.GhostIsOnPortal)
    GhostStepsIs8                            0x08000517   Thumb Code    30  ghostmovement.o(i.GhostStepsIs8)
    HardFault_Handler                        0x08000535   Thumb Code     4  stm32f10x_it.o(i.HardFault_Handler)
    IERG3810_LED_Init                        0x08000539   Thumb Code   106  ierg3810_led.o(i.IERG3810_LED_Init)
    IERG3810_NVIC_SetPriorityGroup           0x080005b1   Thumb Code    30  ierg3810_interrupt.o(i.IERG3810_NVIC_SetPriorityGroup)
    IERG3810_PS2key_ExtiInit                 0x080005d9   Thumb Code   142  ierg3810_interrupt.o(i.IERG3810_PS2key_ExtiInit)
    IERG3810_SYSTICK_Init10ms                0x08000681   Thumb Code    28  ierg3810_timer.o(i.IERG3810_SYSTICK_Init10ms)
    IERG3810_TFTLCD_DrawDot                  0x080006a1   Thumb Code    80  sprite.o(i.IERG3810_TFTLCD_DrawDot)
    IERG3810_TFTLCD_FillRectangle            0x080006f1   Thumb Code   114  sprite.o(i.IERG3810_TFTLCD_FillRectangle)
    IERG3810_TFTLCD_Init                     0x08000765   Thumb Code   344  sprite.o(i.IERG3810_TFTLCD_Init)
    IERG3810_TFTLCD_ShowChar                 0x080008dd   Thumb Code   230  sprite.o(i.IERG3810_TFTLCD_ShowChar)
    IERG3810_TFTLCD_ShowString               0x080009c9   Thumb Code   230  sprite.o(i.IERG3810_TFTLCD_ShowString)
    IERG3810_TFTLCD_WrData                   0x08000ab1   Thumb Code     6  sprite.o(i.IERG3810_TFTLCD_WrData)
    IERG3810_TFTLCD_WrReg                    0x08000abd   Thumb Code     6  sprite.o(i.IERG3810_TFTLCD_WrReg)
    IERG3810_clock_tree_init                 0x08000ac9   Thumb Code   146  ierg3810_clock.o(i.IERG3810_clock_tree_init)
    IntToString                              0x08000b6d   Thumb Code   112  gamedata.o(i.IntToString)
    LCD_Set9341_Parameter                    0x08000be1   Thumb Code    46  sprite.o(i.LCD_Set9341_Parameter)
    LatchAndClockAndData_Init                0x08000c11   Thumb Code   158  pacman.o(i.LatchAndClockAndData_Init)
    MemManage_Handler                        0x08000cbd   Thumb Code     4  stm32f10x_it.o(i.MemManage_Handler)
    NMI_Handler                              0x08000cc1   Thumb Code     2  stm32f10x_it.o(i.NMI_Handler)
    PacmanIsOnPortal                         0x08000cc3   Thumb Code    32  pacmanmovement.o(i.PacmanIsOnPortal)
    PacmanNextIsWalkable                     0x08000ce3   Thumb Code    50  pacmanmovement.o(i.PacmanNextIsWalkable)
    PacmanStepsIs8                           0x08000d15   Thumb Code    30  pacmanmovement.o(i.PacmanStepsIs8)
    PendSV_Handler                           0x08000d33   Thumb Code     2  stm32f10x_it.o(i.PendSV_Handler)
    PointScoreIncrease                       0x08000d35   Thumb Code    40  score.o(i.PointScoreIncrease)
    PrintMap                                 0x08000d5d   Thumb Code   296  sprite.o(i.PrintMap)
    PrintSprite                              0x08000e95   Thumb Code   580  sprite.o(i.PrintSprite)
    RandNum                                  0x0800110d   Thumb Code    20  ghostmovement.o(i.RandNum)
    RepairPrintMap                           0x08001121   Thumb Code   486  sprite.o(i.RepairPrintMap)
    SVC_Handler                              0x0800131d   Thumb Code     2  stm32f10x_it.o(i.SVC_Handler)
    SysTick_Handler                          0x08001409   Thumb Code    12  stm32f10x_it.o(i.SysTick_Handler)
    SystemInit                               0x08001419   Thumb Code    78  system_stm32f10x.o(i.SystemInit)
    TargetToEatten                           0x08001479   Thumb Code    10  ghostmovement.o(i.TargetToEatten)
    TargetToFrightened                       0x08001485   Thumb Code   146  ghostmovement.o(i.TargetToFrightened)
    TargetToHouse                            0x0800151d   Thumb Code    10  ghostmovement.o(i.TargetToHouse)
    TargetToScatter                          0x08001527   Thumb Code    10  ghostmovement.o(i.TargetToScatter)
    TileIsPoint                              0x08001531   Thumb Code    38  gamedata.o(i.TileIsPoint)
    ToPixelX                                 0x08001557   Thumb Code    12  sprite.o(i.ToPixelX)
    ToPixelY                                 0x08001563   Thumb Code    12  sprite.o(i.ToPixelY)
    TurnBlinky                               0x0800156f   Thumb Code    18  ghostmovement.o(i.TurnBlinky)
    TurnClyde                                0x08001581   Thumb Code    18  ghostmovement.o(i.TurnClyde)
    TurnInky                                 0x08001593   Thumb Code    18  ghostmovement.o(i.TurnInky)
    TurnPinky                                0x080015a5   Thumb Code    18  ghostmovement.o(i.TurnPinky)
    UpdateBlinkyTarget                       0x080015b7   Thumb Code    88  ghostmovement.o(i.UpdateBlinkyTarget)
    UpdateClydeTarget                        0x0800160f   Thumb Code   116  ghostmovement.o(i.UpdateClydeTarget)
    UpdateGameModeTo                         0x08001683   Thumb Code    14  ghostmovement.o(i.UpdateGameModeTo)
    UpdateGhostDirection                     0x08001691   Thumb Code   314  ghostmovement.o(i.UpdateGhostDirection)
    UpdateGhostModeToGameMode                0x080017d1   Thumb Code    22  ghostmovement.o(i.UpdateGhostModeToGameMode)
    UpdateGhostModeToInput                   0x080017e7   Thumb Code    12  ghostmovement.o(i.UpdateGhostModeToInput)
    UpdateGhostPortalPosition                0x080017f3   Thumb Code    52  ghostmovement.o(i.UpdateGhostPortalPosition)
    UpdateGhostPosition                      0x08001827   Thumb Code    22  ghostmovement.o(i.UpdateGhostPosition)
    UpdateGhostSteps                         0x0800183d   Thumb Code    10  ghostmovement.o(i.UpdateGhostSteps)
    UpdateInkyTarget                         0x08001847   Thumb Code   152  ghostmovement.o(i.UpdateInkyTarget)
    UpdatePacmanBuffer                       0x080018df   Thumb Code     6  pacmanmovement.o(i.UpdatePacmanBuffer)
    UpdatePacmanDirection                    0x080018e5   Thumb Code    10  pacmanmovement.o(i.UpdatePacmanDirection)
    UpdatePacmanNextDirection                0x080018ef   Thumb Code    58  pacmanmovement.o(i.UpdatePacmanNextDirection)
    UpdatePacmanPortalPosition               0x08001929   Thumb Code    52  pacmanmovement.o(i.UpdatePacmanPortalPosition)
    UpdatePacmanPosition                     0x0800195d   Thumb Code    22  pacmanmovement.o(i.UpdatePacmanPosition)
    UpdatePacmanSteps                        0x08001973   Thumb Code    10  pacmanmovement.o(i.UpdatePacmanSteps)
    UpdatePinkyTarget                        0x0800197d   Thumb Code   104  ghostmovement.o(i.UpdatePinkyTarget)
    UsageFault_Handler                       0x080019e5   Thumb Code     4  stm32f10x_it.o(i.UsageFault_Handler)
    main                                     0x080019e9   Thumb Code 18148  pacman.o(i.main)
    Map                                      0x0800615c   Data        1200  sprite.o(.constdata)
    tiles                                    0x0800660c   Data        2048  sprite.o(.constdata)
    Region$$Table$$Base                      0x08006e98   Number         0  anon$$obj.o(Region$$Table)
    Region$$Table$$Limit                     0x08006eb8   Number         0  anon$$obj.o(Region$$Table)
    chi_1616                                 0x20000000   Data         192  sprite.o(.data)
    asc2_1608                                0x200000c0   Data        1520  sprite.o(.data)
    black                                    0x200006b0   Data           2  sprite.o(.data)
    white                                    0x200006b2   Data           2  sprite.o(.data)
    green                                    0x200006b4   Data           2  sprite.o(.data)
    red                                      0x200006b6   Data           2  sprite.o(.data)
    blue                                     0x200006b8   Data           2  sprite.o(.data)
    yellow                                   0x200006ba   Data           2  sprite.o(.data)
    pink                                     0x200006bc   Data           2  sprite.o(.data)
    lightBlue                                0x200006be   Data           2  sprite.o(.data)
    orange                                   0x200006c0   Data           2  sprite.o(.data)
    darkBlue                                 0x200006c2   Data           2  sprite.o(.data)
    redOrange                                0x200006c4   Data           2  sprite.o(.data)
    lightOrange                              0x200006c6   Data           2  sprite.o(.data)
    lightYellow                              0x200006c8   Data           2  sprite.o(.data)
    skyBlue                                  0x200006ca   Data           2  sprite.o(.data)
    CONSTANT_GAMEMAP                         0x200006d0   Data         868  pacman.o(.data)
    GAMEMAP                                  0x20000a34   Data         868  pacman.o(.data)
    SMALL_POINT                              0x20000d98   Data          64  pacman.o(.data)
    BIG_POINT                                0x20000dd8   Data          64  pacman.o(.data)
    PACMAN_LOGO                              0x20000e18   Data        4998  pacman.o(.data)
    TOTAL_POINTS                             0x2000219e   Data           1  pacman.o(.data)
    PACMAN_MOUTH_CLOSE                       0x2000219f   Data         256  pacman.o(.data)
    PACMAN_RIGHT                             0x2000229f   Data         256  pacman.o(.data)
    PACMAN_LEFT                              0x2000239f   Data         256  pacman.o(.data)
    PACMAN_UP                                0x2000249f   Data         256  pacman.o(.data)
    PACMAN_DOWN                              0x2000259f   Data         256  pacman.o(.data)
    BLINKY_RIGHT                             0x2000269f   Data         256  pacman.o(.data)
    BLINKY_LEFT                              0x2000279f   Data         256  pacman.o(.data)
    BLINKY_UP                                0x2000289f   Data         256  pacman.o(.data)
    BLINKY_DOWN                              0x2000299f   Data         256  pacman.o(.data)
    PINKY_RIGHT                              0x20002a9f   Data         256  pacman.o(.data)
    PINKY_LEFT                               0x20002b9f   Data         256  pacman.o(.data)
    PINKY_UP                                 0x20002c9f   Data         256  pacman.o(.data)
    PINKY_DOWN                               0x20002d9f   Data         256  pacman.o(.data)
    INKY_RIGHT                               0x20002e9f   Data         256  pacman.o(.data)
    INKY_LEFT                                0x20002f9f   Data         256  pacman.o(.data)
    INKY_UP                                  0x2000309f   Data         256  pacman.o(.data)
    INKY_DOWN                                0x2000319f   Data         256  pacman.o(.data)
    CLYDE_RIGHT                              0x2000329f   Data         256  pacman.o(.data)
    CLYDE_LEFT                               0x2000339f   Data         256  pacman.o(.data)
    CLYDE_UP                                 0x2000349f   Data         256  pacman.o(.data)
    CLYDE_DOWN                               0x2000359f   Data         256  pacman.o(.data)
    FRIGHTENED                               0x2000369f   Data         256  pacman.o(.data)
    EATTEN_RIGHT                             0x2000379f   Data         256  pacman.o(.data)
    EATTEN_LEFT                              0x2000389f   Data         256  pacman.o(.data)
    EATTEN_UP                                0x2000399f   Data         256  pacman.o(.data)
    EATTEN_DOWN                              0x20003a9f   Data         256  pacman.o(.data)
    count                                    0x20003ba0   Data           4  pacman.o(.data)
    countDown                                0x20003ba4   Data           4  pacman.o(.data)
    timeSplit                                0x20003ba8   Data           1  pacman.o(.data)
    timeSplitRate                            0x20003ba9   Data           1  pacman.o(.data)
    rand                                     0x20003bac   Data           4  pacman.o(.data)
    TICK                                     0x20003bb0   Data           2  pacman.o(.data)
    tick                                     0x20003bb2   Data           2  pacman.o(.data)
    tick500done                              0x20003bb4   Data           1  pacman.o(.data)
    tick200done                              0x20003bb5   Data           1  pacman.o(.data)
    tick10done2                              0x20003bb6   Data           1  pacman.o(.data)
    tick10done                               0x20003bb7   Data           1  pacman.o(.data)
    tick2done                                0x20003bb8   Data           1  pacman.o(.data)
    tick3done                                0x20003bb9   Data           1  pacman.o(.data)
    tick1done                                0x20003bba   Data           1  pacman.o(.data)
    pacmanInfo                               0x20003bbc   Data           4  pacman.o(.data)
    pacmanPortalPosition                     0x20003bc0   Data           1  pacman.o(.data)
    pacmanLife                               0x20003bc1   Data           1  pacman.o(.data)
    pacmanEattenBlinky                       0x20003bc2   Data           1  pacman.o(.data)
    pacmanEattenPinky                        0x20003bc3   Data           1  pacman.o(.data)
    pacmanEattenInky                         0x20003bc4   Data           1  pacman.o(.data)
    pacmanEattenClyde                        0x20003bc5   Data           1  pacman.o(.data)
    pacmanPreviousDirectionX                 0x20003bc6   Data           2  pacman.o(.data)
    pacmanPreviousDirectionY                 0x20003bc8   Data           2  pacman.o(.data)
    pacmanMouth                              0x20003bca   Data           1  pacman.o(.data)
    pinkyExited                              0x20003bcb   Data           1  pacman.o(.data)
    inkyExited                               0x20003bcc   Data           1  pacman.o(.data)
    clydeExited                              0x20003bcd   Data           1  pacman.o(.data)
    blinkyPortalPosition                     0x20003bce   Data           1  pacman.o(.data)
    pinkyPortalPosition                      0x20003bcf   Data           1  pacman.o(.data)
    inkyPortalPosition                       0x20003bd0   Data           1  pacman.o(.data)
    clydePortalPosition                      0x20003bd1   Data           1  pacman.o(.data)
    blinkyInfo                               0x20003bd4   Data           4  pacman.o(.data)
    pinkyInfo                                0x20003bd8   Data           4  pacman.o(.data)
    inkyInfo                                 0x20003bdc   Data           4  pacman.o(.data)
    clydeInfo                                0x20003be0   Data           4  pacman.o(.data)
    blinkyTurned                             0x20003be4   Data           1  pacman.o(.data)
    pinkyTurned                              0x20003be5   Data           1  pacman.o(.data)
    inkyTurned                               0x20003be6   Data           1  pacman.o(.data)
    clydeTurned                              0x20003be7   Data           1  pacman.o(.data)
    blinkyEattenOnce                         0x20003be8   Data           1  pacman.o(.data)
    pinkyEattenOnce                          0x20003be9   Data           1  pacman.o(.data)
    inkyEattenOnce                           0x20003bea   Data           1  pacman.o(.data)
    clydeEattenOnce                          0x20003beb   Data           1  pacman.o(.data)
    modeChange1done                          0x20003bec   Data           1  pacman.o(.data)
    modeChange2done                          0x20003bed   Data           1  pacman.o(.data)
    modeChange3done                          0x20003bee   Data           1  pacman.o(.data)
    modeChange4done                          0x20003bef   Data           1  pacman.o(.data)
    modeChange5done                          0x20003bf0   Data           1  pacman.o(.data)
    modeChange6done                          0x20003bf1   Data           1  pacman.o(.data)
    modeChange7done                          0x20003bf2   Data           1  pacman.o(.data)
    frightenedModeCountDown                  0x20003bf3   Data           1  pacman.o(.data)
    numberOfGhostsEatten                     0x20003bf4   Data           1  pacman.o(.data)
    gameStop                                 0x20003bf5   Data           1  pacman.o(.data)
    gameOver                                 0x20003bf6   Data           1  pacman.o(.data)
    initGameDone                             0x20003bf7   Data           1  pacman.o(.data)
    logoPrinted                              0x20003bf8   Data           1  pacman.o(.data)
    endScreenPrint                           0x20003bf9   Data           1  pacman.o(.data)
    startScreenWordFlicker                   0x20003bfa   Data           1  pacman.o(.data)
    score                                    0x20003bfc   Data           4  pacman.o(.data)
    ps2key                                   0x20003c00   Data           4  pacman.o(.data)
    ps2count                                 0x20003c04   Data           4  pacman.o(.data)
    ps2dataReady                             0x20003c08   Data           1  pacman.o(.data)
    JoyPad                                   0x20003c09   Data           6  pacman.o(.data)
    ButtonRecorder                           0x20003c10   Data           2  pacman.o(.data)
    i                                        0x20003c12   Data           1  pacman.o(.data)
    __libspace_start                         0x20003c30   Data          96  libspace.o(.bss)
    __temporary_stack_top$libspace           0x20003c90   Data           0  libspace.o(.bss)



==============================================================================

Memory Map of the image

  Image Entry point : 0x08000215

  Load Region LR_1 (Base: 0x08000000, Size: 0x0000aacc, Max: 0xffffffff, ABSOLUTE, COMPRESSED[0x00007920])

    Execution Region ER_RO (Base: 0x08000000, Size: 0x00006eb8, Max: 0xffffffff, ABSOLUTE)

    Base Addr    Size         Type   Attr      Idx    E Section Name        Object

    0x08000000   0x00000130   Data   RO         3122    RESET               startup_stm32f10x_hd.o
    0x08000130   0x00000008   Code   RO         3824  * !!!main             c_w.l(__main.o)
    0x08000138   0x00000034   Code   RO         4009    !!!scatter          c_w.l(__scatter.o)
    0x0800016c   0x00000064   Code   RO         4007    !!dclz77c           c_w.l(__dclz77c.o)
    0x080001d0   0x0000001c   Code   RO         4011    !!handler_zi        c_w.l(__scatter_zi.o)
    0x080001ec   0x00000002   Code   RO         3878    .ARM.Collect$$libinit$$00000000  c_w.l(libinit.o)
    0x080001ee   0x00000000   Code   RO         3885    .ARM.Collect$$libinit$$00000002  c_w.l(libinit2.o)
    0x080001ee   0x00000000   Code   RO         3887    .ARM.Collect$$libinit$$00000004  c_w.l(libinit2.o)
    0x080001ee   0x00000000   Code   RO         3890    .ARM.Collect$$libinit$$0000000A  c_w.l(libinit2.o)
    0x080001ee   0x00000000   Code   RO         3892    .ARM.Collect$$libinit$$0000000C  c_w.l(libinit2.o)
    0x080001ee   0x00000000   Code   RO         3894    .ARM.Collect$$libinit$$0000000E  c_w.l(libinit2.o)
    0x080001ee   0x00000000   Code   RO         3897    .ARM.Collect$$libinit$$00000011  c_w.l(libinit2.o)
    0x080001ee   0x00000000   Code   RO         3899    .ARM.Collect$$libinit$$00000013  c_w.l(libinit2.o)
    0x080001ee   0x00000000   Code   RO         3901    .ARM.Collect$$libinit$$00000015  c_w.l(libinit2.o)
    0x080001ee   0x00000000   Code   RO         3903    .ARM.Collect$$libinit$$00000017  c_w.l(libinit2.o)
    0x080001ee   0x00000000   Code   RO         3905    .ARM.Collect$$libinit$$00000019  c_w.l(libinit2.o)
    0x080001ee   0x00000000   Code   RO         3907    .ARM.Collect$$libinit$$0000001B  c_w.l(libinit2.o)
    0x080001ee   0x00000000   Code   RO         3909    .ARM.Collect$$libinit$$0000001D  c_w.l(libinit2.o)
    0x080001ee   0x00000000   Code   RO         3911    .ARM.Collect$$libinit$$0000001F  c_w.l(libinit2.o)
    0x080001ee   0x00000000   Code   RO         3913    .ARM.Collect$$libinit$$00000021  c_w.l(libinit2.o)
    0x080001ee   0x00000000   Code   RO         3915    .ARM.Collect$$libinit$$00000023  c_w.l(libinit2.o)
    0x080001ee   0x00000000   Code   RO         3917    .ARM.Collect$$libinit$$00000025  c_w.l(libinit2.o)
    0x080001ee   0x00000000   Code   RO         3921    .ARM.Collect$$libinit$$0000002C  c_w.l(libinit2.o)
    0x080001ee   0x00000000   Code   RO         3923    .ARM.Collect$$libinit$$0000002E  c_w.l(libinit2.o)
    0x080001ee   0x00000000   Code   RO         3925    .ARM.Collect$$libinit$$00000030  c_w.l(libinit2.o)
    0x080001ee   0x00000000   Code   RO         3927    .ARM.Collect$$libinit$$00000032  c_w.l(libinit2.o)
    0x080001ee   0x00000002   Code   RO         3928    .ARM.Collect$$libinit$$00000033  c_w.l(libinit2.o)
    0x080001f0   0x00000002   Code   RO         3948    .ARM.Collect$$libshutdown$$00000000  c_w.l(libshutdown.o)
    0x080001f2   0x00000000   Code   RO         3962    .ARM.Collect$$libshutdown$$00000003  c_w.l(libshutdown2.o)
    0x080001f2   0x00000000   Code   RO         3965    .ARM.Collect$$libshutdown$$00000006  c_w.l(libshutdown2.o)
    0x080001f2   0x00000000   Code   RO         3968    .ARM.Collect$$libshutdown$$00000009  c_w.l(libshutdown2.o)
    0x080001f2   0x00000000   Code   RO         3970    .ARM.Collect$$libshutdown$$0000000B  c_w.l(libshutdown2.o)
    0x080001f2   0x00000000   Code   RO         3973    .ARM.Collect$$libshutdown$$0000000E  c_w.l(libshutdown2.o)
    0x080001f2   0x00000002   Code   RO         3974    .ARM.Collect$$libshutdown$$0000000F  c_w.l(libshutdown2.o)
    0x080001f4   0x00000000   Code   RO         3848    .ARM.Collect$$rtentry$$00000000  c_w.l(__rtentry.o)
    0x080001f4   0x00000000   Code   RO         3855    .ARM.Collect$$rtentry$$00000002  c_w.l(__rtentry2.o)
    0x080001f4   0x00000006   Code   RO         3867    .ARM.Collect$$rtentry$$00000004  c_w.l(__rtentry4.o)
    0x080001fa   0x00000000   Code   RO         3857    .ARM.Collect$$rtentry$$00000009  c_w.l(__rtentry2.o)
    0x080001fa   0x00000004   Code   RO         3858    .ARM.Collect$$rtentry$$0000000A  c_w.l(__rtentry2.o)
    0x080001fe   0x00000000   Code   RO         3860    .ARM.Collect$$rtentry$$0000000C  c_w.l(__rtentry2.o)
    0x080001fe   0x00000008   Code   RO         3861    .ARM.Collect$$rtentry$$0000000D  c_w.l(__rtentry2.o)
    0x08000206   0x00000002   Code   RO         3882    .ARM.Collect$$rtexit$$00000000  c_w.l(rtexit.o)
    0x08000208   0x00000000   Code   RO         3930    .ARM.Collect$$rtexit$$00000002  c_w.l(rtexit2.o)
    0x08000208   0x00000004   Code   RO         3931    .ARM.Collect$$rtexit$$00000003  c_w.l(rtexit2.o)
    0x0800020c   0x00000006   Code   RO         3932    .ARM.Collect$$rtexit$$00000004  c_w.l(rtexit2.o)
    0x08000212   0x00000002   PAD
    0x08000214   0x00000040   Code   RO         3123  * .text               startup_stm32f10x_hd.o
    0x08000254   0x00000064   Code   RO         3820    .text               c_w.l(rt_memcpy_w.o)
    0x080002b8   0x00000006   Code   RO         3822    .text               c_w.l(heapauxi.o)
    0x080002be   0x0000004a   Code   RO         3869    .text               c_w.l(sys_stackheap_outer.o)
    0x08000308   0x0000000c   Code   RO         3871    .text               c_w.l(exit.o)
    0x08000314   0x00000008   Code   RO         3879    .text               c_w.l(libspace.o)
    0x0800031c   0x0000000c   Code   RO         3940    .text               c_w.l(sys_exit.o)
    0x08000328   0x00000002   Code   RO         3951    .text               c_w.l(use_no_semi.o)
    0x0800032a   0x00000000   Code   RO         3953    .text               c_w.l(indicate_semi.o)
    0x0800032a   0x00000004   Code   RO         3669    i.BusFault_Handler  stm32f10x_it.o
    0x0800032e   0x00000016   Code   RO         3127    i.CalculateDistance  ghostmovement.o
    0x08000344   0x00000078   Code   RO         3736    i.Clock_PD3_ExtiInit  pacman.o
    0x080003bc   0x00000034   Code   RO         3620    i.CopyMap           gamedata.o
    0x080003f0   0x00000002   Code   RO         3670    i.DebugMon_Handler  stm32f10x_it.o
    0x080003f2   0x0000000c   Code   RO         3491    i.Delay             ierg3810_delay.o
    0x080003fe   0x00000002   PAD
    0x08000400   0x00000058   Code   RO         3737    i.EXTI15_10_IRQHandler  pacman.o
    0x08000458   0x00000028   Code   RO         3738    i.EXTI3_IRQHandler  pacman.o
    0x08000480   0x00000008   Code   RO         3128    i.GetGameMode       ghostmovement.o
    0x08000488   0x00000024   Code   RO         3129    i.GetGhostInfo      ghostmovement.o
    0x080004ac   0x00000028   Code   RO         3294    i.GetPacmanInfo     pacmanmovement.o
    0x080004d4   0x00000008   Code   RO         3648    i.GhostEattenScoreIncrease  score.o
    0x080004dc   0x0000001a   Code   RO         3130    i.GhostIsOnPacman   ghostmovement.o
    0x080004f6   0x00000020   Code   RO         3131    i.GhostIsOnPortal   ghostmovement.o
    0x08000516   0x0000001e   Code   RO         3132    i.GhostStepsIs8     ghostmovement.o
    0x08000534   0x00000004   Code   RO         3671    i.HardFault_Handler  stm32f10x_it.o
    0x08000538   0x00000078   Code   RO         3549    i.IERG3810_LED_Init  ierg3810_led.o
    0x080005b0   0x00000028   Code   RO         3503    i.IERG3810_NVIC_SetPriorityGroup  ierg3810_interrupt.o
    0x080005d8   0x000000a8   Code   RO         3504    i.IERG3810_PS2key_ExtiInit  ierg3810_interrupt.o
    0x08000680   0x00000020   Code   RO         3569    i.IERG3810_SYSTICK_Init10ms  ierg3810_timer.o
    0x080006a0   0x00000050   Code   RO         3364    i.IERG3810_TFTLCD_DrawDot  sprite.o
    0x080006f0   0x00000072   Code   RO         3365    i.IERG3810_TFTLCD_FillRectangle  sprite.o
    0x08000762   0x00000002   PAD
    0x08000764   0x00000178   Code   RO         3366    i.IERG3810_TFTLCD_Init  sprite.o
    0x080008dc   0x000000ec   Code   RO         3367    i.IERG3810_TFTLCD_ShowChar  sprite.o
    0x080009c8   0x000000e6   Code   RO         3369    i.IERG3810_TFTLCD_ShowString  sprite.o
    0x08000aae   0x00000002   PAD
    0x08000ab0   0x0000000c   Code   RO         3370    i.IERG3810_TFTLCD_WrData  sprite.o
    0x08000abc   0x0000000c   Code   RO         3371    i.IERG3810_TFTLCD_WrReg  sprite.o
    0x08000ac8   0x000000a4   Code   RO         3476    i.IERG3810_clock_tree_init  ierg3810_clock.o
    0x08000b6c   0x00000074   Code   RO         3621    i.IntToString       gamedata.o
    0x08000be0   0x0000002e   Code   RO         3372    i.LCD_Set9341_Parameter  sprite.o
    0x08000c0e   0x00000002   PAD
    0x08000c10   0x000000ac   Code   RO         3739    i.LatchAndClockAndData_Init  pacman.o
    0x08000cbc   0x00000004   Code   RO         3672    i.MemManage_Handler  stm32f10x_it.o
    0x08000cc0   0x00000002   Code   RO         3673    i.NMI_Handler       stm32f10x_it.o
    0x08000cc2   0x00000020   Code   RO         3295    i.PacmanIsOnPortal  pacmanmovement.o
    0x08000ce2   0x00000032   Code   RO         3296    i.PacmanNextIsWalkable  pacmanmovement.o
    0x08000d14   0x0000001e   Code   RO         3297    i.PacmanStepsIs8    pacmanmovement.o
    0x08000d32   0x00000002   Code   RO         3674    i.PendSV_Handler    stm32f10x_it.o
    0x08000d34   0x00000028   Code   RO         3649    i.PointScoreIncrease  score.o
    0x08000d5c   0x00000138   Code   RO         3373    i.PrintMap          sprite.o
    0x08000e94   0x00000278   Code   RO         3374    i.PrintSprite       sprite.o
    0x0800110c   0x00000014   Code   RO         3133    i.RandNum           ghostmovement.o
    0x08001120   0x000001fc   Code   RO         3375    i.RepairPrintMap    sprite.o
    0x0800131c   0x00000002   Code   RO         3675    i.SVC_Handler       stm32f10x_it.o
    0x0800131e   0x00000008   Code   RO         3067    i.SetSysClock       system_stm32f10x.o
    0x08001326   0x00000002   PAD
    0x08001328   0x000000e0   Code   RO         3068    i.SetSysClockTo72   system_stm32f10x.o
    0x08001408   0x00000010   Code   RO         3676    i.SysTick_Handler   stm32f10x_it.o
    0x08001418   0x00000060   Code   RO         3070    i.SystemInit        system_stm32f10x.o
    0x08001478   0x0000000a   Code   RO         3134    i.TargetToEatten    ghostmovement.o
    0x08001482   0x00000002   PAD
    0x08001484   0x00000098   Code   RO         3135    i.TargetToFrightened  ghostmovement.o
    0x0800151c   0x0000000a   Code   RO         3136    i.TargetToHouse     ghostmovement.o
    0x08001526   0x0000000a   Code   RO         3137    i.TargetToScatter   ghostmovement.o
    0x08001530   0x00000026   Code   RO         3622    i.TileIsPoint       gamedata.o
    0x08001556   0x0000000c   Code   RO         3376    i.ToPixelX          sprite.o
    0x08001562   0x0000000c   Code   RO         3377    i.ToPixelY          sprite.o
    0x0800156e   0x00000012   Code   RO         3138    i.TurnBlinky        ghostmovement.o
    0x08001580   0x00000012   Code   RO         3139    i.TurnClyde         ghostmovement.o
    0x08001592   0x00000012   Code   RO         3140    i.TurnInky          ghostmovement.o
    0x080015a4   0x00000012   Code   RO         3141    i.TurnPinky         ghostmovement.o
    0x080015b6   0x00000058   Code   RO         3142    i.UpdateBlinkyTarget  ghostmovement.o
    0x0800160e   0x00000074   Code   RO         3143    i.UpdateClydeTarget  ghostmovement.o
    0x08001682   0x0000000e   Code   RO         3144    i.UpdateGameModeTo  ghostmovement.o
    0x08001690   0x00000140   Code   RO         3145    i.UpdateGhostDirection  ghostmovement.o
    0x080017d0   0x00000016   Code   RO         3146    i.UpdateGhostModeToGameMode  ghostmovement.o
    0x080017e6   0x0000000c   Code   RO         3147    i.UpdateGhostModeToInput  ghostmovement.o
    0x080017f2   0x00000034   Code   RO         3148    i.UpdateGhostPortalPosition  ghostmovement.o
    0x08001826   0x00000016   Code   RO         3149    i.UpdateGhostPosition  ghostmovement.o
    0x0800183c   0x0000000a   Code   RO         3150    i.UpdateGhostSteps  ghostmovement.o
    0x08001846   0x00000098   Code   RO         3151    i.UpdateInkyTarget  ghostmovement.o
    0x080018de   0x00000006   Code   RO         3298    i.UpdatePacmanBuffer  pacmanmovement.o
    0x080018e4   0x0000000a   Code   RO         3299    i.UpdatePacmanDirection  pacmanmovement.o
    0x080018ee   0x0000003a   Code   RO         3300    i.UpdatePacmanNextDirection  pacmanmovement.o
    0x08001928   0x00000034   Code   RO         3301    i.UpdatePacmanPortalPosition  pacmanmovement.o
    0x0800195c   0x00000016   Code   RO         3302    i.UpdatePacmanPosition  pacmanmovement.o
    0x08001972   0x0000000a   Code   RO         3303    i.UpdatePacmanSteps  pacmanmovement.o
    0x0800197c   0x00000068   Code   RO         3152    i.UpdatePinkyTarget  ghostmovement.o
    0x080019e4   0x00000004   Code   RO         3677    i.UsageFault_Handler  stm32f10x_it.o
    0x080019e8   0x00004754   Code   RO         3740    i.main              pacman.o
    0x0800613c   0x00000020   Data   RO         3154    .constdata          ghostmovement.o
    0x0800615c   0x00000cd6   Data   RO         3378    .constdata          sprite.o
    0x08006e32   0x00000002   PAD
    0x08006e34   0x00000064   Data   RO         3741    .constdata          pacman.o
    0x08006e98   0x00000020   Data   RO         4005    Region$$Table       anon$$obj.o


    Execution Region ER_RW (Base: 0x20000000, Size: 0x00003c14, Max: 0xffffffff, ABSOLUTE, COMPRESSED[0x00000a68])

    Base Addr    Size         Type   Attr      Idx    E Section Name        Object

    0x20000000   0x000006cc   Data   RW         3379    .data               sprite.o
    0x200006cc   0x00000004   Data   RW         3623    .data               gamedata.o
    0x200006d0   0x00003543   Data   RW         3742    .data               pacman.o


    Execution Region ER_ZI (Base: 0x20003c14, Size: 0x0000067c, Max: 0xffffffff, ABSOLUTE)

    Base Addr    Size         Type   Attr      Idx    E Section Name        Object

    0x20003c14   0x0000000e   Zero   RW         3153    .bss                ghostmovement.o
    0x20003c22   0x0000000e   Zero   RW         3304    .bss                pacmanmovement.o
    0x20003c30   0x00000060   Zero   RW         3880    .bss                c_w.l(libspace.o)
    0x20003c90   0x00000200   Zero   RW         3121    HEAP                startup_stm32f10x_hd.o
    0x20003e90   0x00000400   Zero   RW         3120    STACK               startup_stm32f10x_hd.o


==============================================================================

Image component sizes


      Code (inc. data)   RO Data    RW Data    ZI Data      Debug   Object Name

         0          0          0          0          0         32   core_cm3.o
       206          4          0          4          0       1910   gamedata.o
      1340         16         32          0         14      15535   ghostmovement.o
       164         18          0          0          0        543   ierg3810_clock.o
        12          0          0          0          0        436   ierg3810_delay.o
       208         36          0          0          0       1040   ierg3810_interrupt.o
       120         14          0          0          0        448   ierg3810_led.o
        32          4          0          0          0        432   ierg3810_timer.o
         0          0          0          0          0     207560   misc.o
     18680       1508        100      13635          0      14313   pacman.o
       310          4          0          0         14       6012   pacmanmovement.o
        48          0          0          0          0       1060   score.o
      2582        140       3286       1740          0       9764   sprite.o
        64         26        304          0       1536        768   startup_stm32f10x_hd.o
        40          4          0          0          0       3538   stm32f10x_it.o
       328         28          0          0          0       1721   system_stm32f10x.o

    ----------------------------------------------------------------------
     24146       1802       3756      15380       1564     265112   Object Totals
         0          0         32          0          0          0   (incl. Generated)
        12          0          2          1          0          0   (incl. Padding)

    ----------------------------------------------------------------------

      Code (inc. data)   RO Data    RW Data    ZI Data      Debug   Library Member Name

       100          0          0          0          0          0   __dclz77c.o
         8          0          0          0          0         68   __main.o
         0          0          0          0          0          0   __rtentry.o
        12          0          0          0          0          0   __rtentry2.o
         6          0          0          0          0          0   __rtentry4.o
        52          8          0          0          0          0   __scatter.o
        28          0          0          0          0          0   __scatter_zi.o
        12          0          0          0          0         72   exit.o
         6          0          0          0          0        152   heapauxi.o
         0          0          0          0          0          0   indicate_semi.o
         2          0          0          0          0          0   libinit.o
         2          0          0          0          0          0   libinit2.o
         2          0          0          0          0          0   libshutdown.o
         2          0          0          0          0          0   libshutdown2.o
         8          4          0          0         96         68   libspace.o
       100          0          0          0          0         80   rt_memcpy_w.o
         2          0          0          0          0          0   rtexit.o
        10          0          0          0          0          0   rtexit2.o
        12          4          0          0          0         68   sys_exit.o
        74          0          0          0          0         80   sys_stackheap_outer.o
         2          0          0          0          0         68   use_no_semi.o

    ----------------------------------------------------------------------
       442         16          0          0         96        656   Library Totals
         2          0          0          0          0          0   (incl. Padding)

    ----------------------------------------------------------------------

      Code (inc. data)   RO Data    RW Data    ZI Data      Debug   Library Name

       440         16          0          0         96        656   c_w.l

    ----------------------------------------------------------------------
       442         16          0          0         96        656   Library Totals

    ----------------------------------------------------------------------

==============================================================================


      Code (inc. data)   RO Data    RW Data    ZI Data      Debug   

     24588       1818       3756      15380       1660     261760   Grand Totals
     24588       1818       3756       2664       1660     261760   ELF Image Totals (compressed)
     24588       1818       3756       2664          0          0   ROM Totals

==============================================================================

    Total RO  Size (Code + RO Data)                28344 (  27.68kB)
    Total RW  Size (RW Data + ZI Data)             17040 (  16.64kB)
    Total ROM Size (Code + RO Data + RW Data)      31008 (  30.28kB)

==============================================================================

